<html>
<body>
<pre>
<h1>µVision Build Log</h1>
<h2>Tool Versions:</h2>
IDE-Version: ¦ÌVision V5.25.3.0
Copyright (C) 2018 ARM Ltd and ARM Germany GmbH. All rights reserved.
License Information: 11 A, 5, LIC=3UUFW-Q2UCM-WIW5K-ZH7VT-KGD9F-0Z7IP
 
Tool Versions:
Toolchain:       MDK-ARM Professional  Version: 5.26.2.0
Middleware:      RL-ARM Real-Time Library Version V4.00
Toolchain Path:  D:\Keil_v5\ARM\ARMCC\Bin
C Compiler:      Armcc.exe V5.06 update 6 (build 750)
Assembler:       Armasm.exe V5.06 update 6 (build 750)
Linker/Locator:  ArmLink.exe V5.06 update 6 (build 750)
Library Manager: ArmAr.exe V5.06 update 6 (build 750)
Hex Converter:   FromElf.exe V5.06 update 6 (build 750)
CPU DLL:         SARMCM3.DLL V5.26.2.0
Dialog DLL:      DCM.DLL V1.17.2.0
Target DLL:      Segger\JL2CM3.dll V2.99.31.0
Dialog DLL:      TCM.DLL V1.36.1.0
 
<h2>Project:</h2>
E:\RTT\Enviroment(v2.0)\project.uvprojx
Project File Date:  11/26/2019

<h2>Output:</h2>
*** Using Compiler 'V5.06 update 6 (build 750)', folder: 'D:\Keil_v5\ARM\ARMCC\Bin'
Build target 'rtthread-stm32'
compiling enviroment.c...
applications\enviroment.c(160): warning:  #167-D: argument of type "rt_uint32_t *" is incompatible with parameter of type "rt_ubase_t *"
  		rt_mb_recv(&iot_mb, (rt_uint32_t *)&t, RT_WAITING_FOREVER);
applications\enviroment.c(161): warning:  #167-D: argument of type "rt_uint32_t *" is incompatible with parameter of type "rt_ubase_t *"
  		rt_mb_recv(&iot_mb, (rt_uint32_t *)&h, RT_WAITING_FOREVER);
applications\enviroment.c(162): warning:  #167-D: argument of type "rt_uint32_t *" is incompatible with parameter of type "rt_ubase_t *"
  		rt_mb_recv(&iot_mb, (rt_uint32_t *)&n, RT_WAITING_FOREVER);
applications\enviroment.c(163): warning:  #167-D: argument of type "rt_uint32_t *" is incompatible with parameter of type "rt_ubase_t *"
  		rt_mb_recv(&iot_mb, (rt_uint32_t *)&p2, RT_WAITING_FOREVER);
applications\enviroment.c(164): warning:  #167-D: argument of type "rt_uint32_t *" is incompatible with parameter of type "rt_ubase_t *"
  		rt_mb_recv(&iot_mb, (rt_uint32_t *)&p10, RT_WAITING_FOREVER);
applications\enviroment.c(219): warning:  #167-D: argument of type "rt_uint32_t *" is incompatible with parameter of type "rt_ubase_t *"
  			if(rt_mb_recv(&led_mb, (rt_uint32_t *)&t,  500)==RT_EOK)
applications\enviroment.c(224): warning:  #167-D: argument of type "rt_uint32_t *" is incompatible with parameter of type "rt_ubase_t *"
  			if(rt_mb_recv(&led_mb, (rt_uint32_t *)&h,  500)==RT_EOK)
applications\enviroment.c(229): warning:  #167-D: argument of type "rt_uint32_t *" is incompatible with parameter of type "rt_ubase_t *"
  			if(rt_mb_recv(&led_mb, (rt_uint32_t *)&n,  500)==RT_EOK)
applications\enviroment.c(234): warning:  #167-D: argument of type "rt_uint32_t *" is incompatible with parameter of type "rt_ubase_t *"
  			if(rt_mb_recv(&led_mb, (rt_uint32_t *)&p2,  500)==RT_EOK)
applications\enviroment.c(239): warning:  #167-D: argument of type "rt_uint32_t *" is incompatible with parameter of type "rt_ubase_t *"
  			if(rt_mb_recv(&led_mb, (rt_uint32_t *)&p10,  500)==RT_EOK)
applications\enviroment.c: 10 warnings, 0 errors
linking...
Program Size: Code=75722 RO-data=11242 RW-data=948 ZI-data=3476  
FromELF: creating hex file...
After Build - User command #1: fromelf --bin .\build\rtthread-stm32.axf --output rtthread.bin
".\build\rtthread-stm32.axf" - 0 Error(s), 10 Warning(s).

<h2>Software Packages used:</h2>

Package Vendor: Keil
                http://www.keil.com/pack/Keil.STM32F1xx_DFP.2.3.0.pack
                Keil.STM32F1xx_DFP.2.3.0
                STMicroelectronics STM32F1 Series Device Support, Drivers and Examples

<h2>Collection of Component include folders:</h2>
  .\RTE\_rtthread-stm32
  D:\Keil_v5\ARM\PACK\Keil\STM32F1xx_DFP\2.3.0\Device\Include

<h2>Collection of Component Files used:</h2>
Build Time Elapsed:  00:00:02
</pre>
</body>
</html>
