Component: ARM Compiler 5.06 update 6 (build 750) Tool: armlink [4d35ed]

==============================================================================

Section Cross References

    clock.o(.text) refers to context_rvds.o(.text) for rt_hw_interrupt_disable
    clock.o(.text) refers to thread.o(.text) for rt_thread_self
    clock.o(.text) refers to timer.o(.text) for rt_timer_check
    clock.o(.text) refers to clock.o(.data) for rt_tick
    components.o(.text) refers to main.o(.text) for $Super$$main
    components.o(.text) refers to thread.o(.text) for rt_thread_create
    components.o(.text) refers to kservice.o(.text) for rt_assert_handler
    components.o(.text) refers to context_rvds.o(.text) for rt_hw_interrupt_disable
    components.o(.text) refers to board.o(.text) for rt_hw_board_init
    components.o(.text) refers to timer.o(.text) for rt_system_timer_init
    components.o(.text) refers to scheduler.o(.text) for rt_system_scheduler_init
    components.o(.text) refers to idle.o(.text) for rt_thread_idle_init
    components.o(.text) refers to components.o(.rti_fn.0.end) for __rt_init_rti_board_start
    components.o(.text) refers to components.o(.rti_fn.1.end) for __rt_init_rti_board_end
    components.o(.text) refers to components.o(.rti_fn.6.end) for __rt_init_rti_end
    components.o(.text) refers to components.o(.constdata) for __FUNCTION__
    components.o(.rti_fn.0) refers to components.o(.text) for rti_start
    components.o(.rti_fn.0.end) refers to components.o(.text) for rti_board_start
    components.o(.rti_fn.1.end) refers to components.o(.text) for rti_board_end
    components.o(.rti_fn.6.end) refers to components.o(.text) for rti_end
    device.o(.text) refers to thread.o(.text) for rt_thread_self
    device.o(.text) refers to scheduler.o(.text) for rt_enter_critical
    device.o(.text) refers to object.o(.text) for rt_object_get_information
    device.o(.text) refers to kservice.o(.text) for rt_assert_handler
    device.o(.text) refers to mem.o(.text) for rt_malloc
    device.o(.text) refers to device.o(.constdata) for __FUNCTION__
    idle.o(.text) refers to context_rvds.o(.text) for rt_hw_interrupt_disable
    idle.o(.text) refers to irq.o(.text) for rt_interrupt_get_nest
    idle.o(.text) refers to kservice.o(.text) for rt_kprintf
    idle.o(.text) refers to scheduler.o(.text) for rt_enter_critical
    idle.o(.text) refers to object.o(.text) for rt_object_is_systemobject
    idle.o(.text) refers to mem.o(.text) for rt_free
    idle.o(.text) refers to thread.o(.text) for rt_thread_init
    idle.o(.text) refers to idle.o(.bss) for idle_hook_list
    idle.o(.text) refers to idle.o(.constdata) for __FUNCTION__
    idle.o(.text) refers to scheduler.o(.data) for rt_thread_defunct
    ipc.o(.text) refers to thread.o(.text) for rt_thread_suspend
    ipc.o(.text) refers to context_rvds.o(.text) for rt_hw_interrupt_disable
    ipc.o(.text) refers to kservice.o(.text) for rt_assert_handler
    ipc.o(.text) refers to object.o(.text) for rt_object_init
    ipc.o(.text) refers to irq.o(.text) for rt_interrupt_get_nest
    ipc.o(.text) refers to timer.o(.text) for rt_timer_control
    ipc.o(.text) refers to scheduler.o(.text) for rt_schedule
    ipc.o(.text) refers to ipc.o(.constdata) for __FUNCTION__
    ipc.o(.text) refers to ipc.o(.conststring) for .conststring
    ipc.o(.text) refers to object.o(.data) for rt_object_trytake_hook
    ipc.o(.text) refers to mem.o(.text) for rt_malloc
    ipc.o(.text) refers to clock.o(.text) for rt_tick_get
    irq.o(.text) refers to context_rvds.o(.text) for rt_hw_interrupt_disable
    irq.o(.text) refers to irq.o(.data) for rt_interrupt_enter_hook
    kservice.o(.text) refers to irq.o(.text) for rt_interrupt_get_nest
    kservice.o(.text) refers to thread.o(.text) for rt_thread_self
    kservice.o(.text) refers to mem.o(.text) for rt_malloc
    kservice.o(.text) refers to kservice.o(.data) for __rt_errno
    kservice.o(.text) refers to kservice.o(.constdata) for large_digits
    kservice.o(.text) refers to device.o(.text) for rt_device_write
    kservice.o(.text) refers to kservice.o(.bss) for rt_log_buf
    mem.o(.text) refers to kservice.o(.text) for rt_assert_handler
    mem.o(.text) refers to context_rvds.o(.text) for rt_hw_interrupt_disable
    mem.o(.text) refers to irq.o(.text) for rt_interrupt_get_nest
    mem.o(.text) refers to ipc.o(.text) for rt_sem_init
    mem.o(.text) refers to mem.o(.data) for rt_malloc_hook
    mem.o(.text) refers to mem.o(.constdata) for __FUNCTION__
    mem.o(.text) refers to mem.o(.bss) for heap_sem
    mem.o(.text) refers to mem.o(.conststring) for .conststring
    mem.o(FSymTab) refers to mem.o(.rodata.name) for __fsym_list_mem_name
    mem.o(FSymTab) refers to mem.o(.text) for list_mem
    memheap.o(.text) refers to kservice.o(.text) for rt_assert_handler
    memheap.o(.text) refers to object.o(.text) for rt_object_init
    memheap.o(.text) refers to ipc.o(.text) for rt_sem_init
[...]
    __rt_ffs                                 0x08002feb   Thumb Code    70  kservice.o(.text)
    rt_assert_set_hook                       0x08003031   Thumb Code     6  kservice.o(.text)
    rt_assert_handler                        0x08003037   Thumb Code   222  kservice.o(.text)
    rt_malloc_sethook                        0x08003151   Thumb Code     6  mem.o(.text)
    rt_free_sethook                          0x08003157   Thumb Code     6  mem.o(.text)
    rt_system_heap_init                      0x080031fd   Thumb Code   204  mem.o(.text)
    rt_malloc                                0x080032c9   Thumb Code   522  mem.o(.text)
    rt_free                                  0x080034d3   Thumb Code   634  mem.o(.text)
    rt_realloc                               0x0800374d   Thumb Code   324  mem.o(.text)
    rt_calloc                                0x08003891   Thumb Code    34  mem.o(.text)
    rt_memory_info                           0x080038b3   Thumb Code    26  mem.o(.text)
    list_mem                                 0x080038cd   Thumb Code    34  mem.o(.text)
    rt_object_attach_sethook                 0x08003a29   Thumb Code     6  object.o(.text)
    rt_object_detach_sethook                 0x08003a2f   Thumb Code     6  object.o(.text)
    rt_object_trytake_sethook                0x08003a35   Thumb Code     6  object.o(.text)
    rt_object_take_sethook                   0x08003a3b   Thumb Code     6  object.o(.text)
    rt_object_put_sethook                    0x08003a41   Thumb Code     6  object.o(.text)
    rt_system_object_init                    0x08003a47   Thumb Code     2  object.o(.text)
    rt_object_get_information                0x08003a49   Thumb Code    36  object.o(.text)
    rt_object_init                           0x08003a6d   Thumb Code   132  object.o(.text)
    rt_object_detach                         0x08003af1   Thumb Code    62  object.o(.text)
    rt_object_allocate                       0x08003b2f   Thumb Code   158  object.o(.text)
    rt_object_delete                         0x08003bcd   Thumb Code    88  object.o(.text)
    rt_object_is_systemobject                0x08003c25   Thumb Code    34  object.o(.text)
    rt_object_get_type                       0x08003c47   Thumb Code    26  object.o(.text)
    rt_object_find                           0x08003c61   Thumb Code   142  object.o(.text)
    rt_scheduler_sethook                     0x08003db9   Thumb Code     6  scheduler.o(.text)
    rt_system_scheduler_init                 0x08003e37   Thumb Code    46  scheduler.o(.text)
    rt_schedule_remove_thread                0x08003e65   Thumb Code    94  scheduler.o(.text)
    rt_system_scheduler_start                0x08003ec3   Thumb Code    36  scheduler.o(.text)
    rt_schedule_insert_thread                0x08003ee7   Thumb Code   118  scheduler.o(.text)
    rt_schedule                              0x08003f5d   Thumb Code   242  scheduler.o(.text)
    rt_enter_critical                        0x0800404f   Thumb Code    28  scheduler.o(.text)
    rt_exit_critical                         0x0800406b   Thumb Code    60  scheduler.o(.text)
    rt_critical_level                        0x080040a7   Thumb Code     8  scheduler.o(.text)
    rt_thread_suspend_sethook                0x08004169   Thumb Code     6  thread.o(.text)
    rt_thread_resume_sethook                 0x0800416f   Thumb Code     6  thread.o(.text)
    rt_thread_inited_sethook                 0x08004175   Thumb Code     6  thread.o(.text)
    rt_thread_self                           0x0800417b   Thumb Code     6  thread.o(.text)
    rt_thread_exit                           0x08004181   Thumb Code    78  thread.o(.text)
    rt_thread_timeout                        0x080041cf   Thumb Code    92  thread.o(.text)
    rt_thread_init                           0x080042cb   Thumb Code    74  thread.o(.text)
    rt_thread_resume                         0x08004315   Thumb Code   122  thread.o(.text)
    rt_thread_startup                        0x0800438f   Thumb Code   110  thread.o(.text)
    rt_thread_detach                         0x080043fd   Thumb Code   138  thread.o(.text)
    rt_thread_create                         0x08004487   Thumb Code    80  thread.o(.text)
    rt_thread_delete                         0x080044d7   Thumb Code   474  thread.o(.text)
    rt_thread_yield                          0x080046b1   Thumb Code    10  thread.o(.text)
    rt_thread_suspend                        0x080046bb   Thumb Code   160  thread.o(.text)
    rt_thread_sleep                          0x0800475b   Thumb Code   102  thread.o(.text)
    rt_thread_delay                          0x080047c1   Thumb Code    12  thread.o(.text)
    rt_thread_mdelay                         0x080047cd   Thumb Code    20  thread.o(.text)
    rt_thread_control                        0x080047e1   Thumb Code   156  thread.o(.text)
    rt_thread_find                           0x0800487d   Thumb Code    96  thread.o(.text)
    rt_timer_enter_sethook                   0x08004937   Thumb Code     6  timer.o(.text)
    rt_timer_exit_sethook                    0x0800493d   Thumb Code     6  timer.o(.text)
    rt_timer_init                            0x080049cf   Thumb Code    58  timer.o(.text)
    rt_timer_detach                          0x08004a09   Thumb Code    82  timer.o(.text)
    rt_timer_create                          0x08004a5b   Thumb Code    54  timer.o(.text)
    rt_timer_delete                          0x08004a91   Thumb Code    88  timer.o(.text)
    rt_timer_start                           0x08004ae9   Thumb Code   314  timer.o(.text)
    rt_timer_stop                            0x08004c23   Thumb Code   102  timer.o(.text)
    rt_timer_control                         0x08004c89   Thumb Code    98  timer.o(.text)
    rt_timer_check                           0x08004ceb   Thumb Code   438  timer.o(.text)
    rt_timer_next_timeout_tick               0x08004ea1   Thumb Code    10  timer.o(.text)
    rt_system_timer_init                     0x08004eab   Thumb Code    24  timer.o(.text)
    rt_system_timer_thread_init              0x08004ec3   Thumb Code     2  timer.o(.text)
    Enviroment                               0x08005595   Thumb Code   258  enviroment.o(.text)
    $Super$$main                             0x080057d1   Thumb Code    56  main.o(.text)
    HAL_MspInit                              0x08005809   Thumb Code   140  board.o(.text)
    SystemClock_Config                       0x08005895   Thumb Code   186  board.o(.text)
    HAL_Delay                                0x08005971   Thumb Code    16  board.o(.text)
    HAL_GetTick                              0x08005981   Thumb Code    24  board.o(.text)
    HAL_SuspendTick                          0x08005999   Thumb Code     2  board.o(.text)
    HAL_ResumeTick                           0x0800599b   Thumb Code     2  board.o(.text)
    SysTick_Handler                          0x0800599d   Thumb Code    20  board.o(.text)
    rt_hw_board_init                         0x080059b1   Thumb Code    30  board.o(.text)
    rt_hw_us_delay                           0x080059cf   Thumb Code    54  board.o(.text)
    NMI_Handler                              0x08005a3d   Thumb Code     2  stm32f1xx_it.o(.text)
    MemManage_Handler                        0x08005a3f   Thumb Code     4  stm32f1xx_it.o(.text)
    BusFault_Handler                         0x08005a43   Thumb Code     4  stm32f1xx_it.o(.text)
    UsageFault_Handler                       0x08005a47   Thumb Code     4  stm32f1xx_it.o(.text)
    DebugMon_Handler                         0x08005a4b   Thumb Code     2  stm32f1xx_it.o(.text)
    stm32_pin_write                          0x08005ba9   Thumb Code    56  drv_gpio.o(.text)
    stm32_pin_read                           0x08005be1   Thumb Code    52  drv_gpio.o(.text)
    stm32_pin_mode                           0x08005c15   Thumb Code   118  drv_gpio.o(.text)
    stm32_pin_attach_irq                     0x08005c8b   Thumb Code   212  drv_gpio.o(.text)
    stm32_pin_detach_irq                     0x08005d5f   Thumb Code   134  drv_gpio.o(.text)
    stm32_pin_irq_enable                     0x08005de5   Thumb Code   304  drv_gpio.o(.text)
    rt_hw_pin_init                           0x08005f15   Thumb Code    18  drv_gpio.o(.text)
    HAL_GPIO_EXTI_Callback                   0x08005f27   Thumb Code    12  drv_gpio.o(.text)
    EXTI0_IRQHandler                         0x08005f33   Thumb Code    18  drv_gpio.o(.text)
    EXTI1_IRQHandler                         0x08005f45   Thumb Code    18  drv_gpio.o(.text)
    EXTI2_IRQHandler                         0x08005f57   Thumb Code    18  drv_gpio.o(.text)
    EXTI3_IRQHandler                         0x08005f69   Thumb Code    18  drv_gpio.o(.text)
    EXTI4_IRQHandler                         0x08005f7b   Thumb Code    18  drv_gpio.o(.text)
    EXTI9_5_IRQHandler                       0x08005f8d   Thumb Code    46  drv_gpio.o(.text)
    EXTI15_10_IRQHandler                     0x08005fbb   Thumb Code    60  drv_gpio.o(.text)
    USART1_IRQHandler                        0x08006223   Thumb Code    18  drv_usart.o(.text)
    USART2_IRQHandler                        0x08006235   Thumb Code    18  drv_usart.o(.text)
    USART3_IRQHandler                        0x08006247   Thumb Code    18  drv_usart.o(.text)
    rt_hw_usart_init                         0x08006259   Thumb Code   122  drv_usart.o(.text)
    HAL_UART_MspInit                         0x080062d3   Thumb Code   522  drv_usart.o(.text)
    HAL_UART_MspDeInit                       0x080064dd   Thumb Code   116  drv_usart.o(.text)
    spi_configure                            0x080067ed   Thumb Code    22  drv_spi.o(.text)
    stm32_spi_register_bus                   0x08006803   Thumb Code    56  drv_spi.o(.text)
    stm32_spi_bus_attach_device              0x0800683b   Thumb Code    92  drv_spi.o(.text)
    stm32_hw_spi_init                        0x08006897   Thumb Code    18  drv_spi.o(.text)
    HAL_SPI_MspInit                          0x080068a9   Thumb Code   216  drv_spi.o(.text)
    HAL_SPI_MspDeInit                        0x08006981   Thumb Code    66  drv_spi.o(.text)
    SystemInit                               0x08006a81   Thumb Code    70  system_stm32f1xx.o(.text)
    SystemCoreClockUpdate                    0x08006ac7   Thumb Code   142  system_stm32f1xx.o(.text)
    HAL_GPIO_Init                            0x08006b75   Thumb Code   790  stm32f1xx_hal_gpio.o(.text)
    HAL_GPIO_DeInit                          0x08006e8b   Thumb Code   312  stm32f1xx_hal_gpio.o(.text)
    HAL_GPIO_ReadPin                         0x08006fc3   Thumb Code    16  stm32f1xx_hal_gpio.o(.text)
    HAL_GPIO_WritePin                        0x08006fd3   Thumb Code    12  stm32f1xx_hal_gpio.o(.text)
    HAL_GPIO_TogglePin                       0x08006fdf   Thumb Code     8  stm32f1xx_hal_gpio.o(.text)
    HAL_GPIO_LockPin                         0x08006fe7   Thumb Code    46  stm32f1xx_hal_gpio.o(.text)
    HAL_GPIO_EXTI_IRQHandler                 0x08007017   Thumb Code    28  stm32f1xx_hal_gpio.o(.text)
    HAL_DMA_Init                             0x0800705d   Thumb Code   140  stm32f1xx_hal_dma.o(.text)
    HAL_DMA_DeInit                           0x080070e9   Thumb Code   124  stm32f1xx_hal_dma.o(.text)
    HAL_DMA_Start                            0x08007191   Thumb Code   114  stm32f1xx_hal_dma.o(.text)
    HAL_DMA_Start_IT                         0x08007203   Thumb Code   156  stm32f1xx_hal_dma.o(.text)
    HAL_DMA_Abort                            0x0800729f   Thumb Code    58  stm32f1xx_hal_dma.o(.text)
    HAL_DMA_Abort_IT                         0x080072d9   Thumb Code   422  stm32f1xx_hal_dma.o(.text)
    HAL_DMA_PollForTransfer                  0x0800747f   Thumb Code  1614  stm32f1xx_hal_dma.o(.text)
    HAL_DMA_IRQHandler                       0x08007acd   Thumb Code   922  stm32f1xx_hal_dma.o(.text)
    HAL_DMA_RegisterCallback                 0x08007e67   Thumb Code    90  stm32f1xx_hal_dma.o(.text)
    HAL_DMA_UnRegisterCallback               0x08007ec1   Thumb Code   106  stm32f1xx_hal_dma.o(.text)
    HAL_DMA_GetState                         0x08007f2b   Thumb Code     8  stm32f1xx_hal_dma.o(.text)
    HAL_DMA_GetError                         0x08007f33   Thumb Code     6  stm32f1xx_hal_dma.o(.text)
    HAL_NVIC_SetPriorityGrouping             0x08007f61   Thumb Code    36  stm32f1xx_hal_cortex.o(.text)
    HAL_NVIC_SetPriority                     0x08007f85   Thumb Code   124  stm32f1xx_hal_cortex.o(.text)
    HAL_NVIC_EnableIRQ                       0x08008001   Thumb Code    26  stm32f1xx_hal_cortex.o(.text)
    HAL_NVIC_DisableIRQ                      0x0800801b   Thumb Code    22  stm32f1xx_hal_cortex.o(.text)
    HAL_NVIC_SystemReset                     0x08008031   Thumb Code    64  stm32f1xx_hal_cortex.o(.text)
    HAL_SYSTICK_Config                       0x08008071   Thumb Code    52  stm32f1xx_hal_cortex.o(.text)
    HAL_NVIC_GetPriorityGrouping             0x080080a5   Thumb Code     8  stm32f1xx_hal_cortex.o(.text)
    HAL_NVIC_GetPriority                     0x080080ad   Thumb Code   138  stm32f1xx_hal_cortex.o(.text)
    HAL_NVIC_SetPendingIRQ                   0x08008137   Thumb Code    24  stm32f1xx_hal_cortex.o(.text)
    HAL_NVIC_GetPendingIRQ                   0x0800814f   Thumb Code    38  stm32f1xx_hal_cortex.o(.text)
    HAL_NVIC_ClearPendingIRQ                 0x08008175   Thumb Code    22  stm32f1xx_hal_cortex.o(.text)
    HAL_NVIC_GetActive                       0x0800818b   Thumb Code    38  stm32f1xx_hal_cortex.o(.text)
    HAL_SYSTICK_CLKSourceConfig              0x080081b1   Thumb Code    40  stm32f1xx_hal_cortex.o(.text)
    HAL_SYSTICK_Callback                     0x080081d9   Thumb Code     2  stm32f1xx_hal_cortex.o(.text)
    HAL_SYSTICK_IRQHandler                   0x080081db   Thumb Code     8  stm32f1xx_hal_cortex.o(.text)
    HAL_RCC_DeInit                           0x08008205   Thumb Code    64  stm32f1xx_hal_rcc.o(.text)
    HAL_RCC_OscConfig                        0x08008269   Thumb Code  1090  stm32f1xx_hal_rcc.o(.text)
    HAL_RCC_GetSysClockFreq                  0x080086ab   Thumb Code   118  stm32f1xx_hal_rcc.o(.text)
    HAL_RCC_ClockConfig                      0x08008721   Thumb Code   402  stm32f1xx_hal_rcc.o(.text)
    HAL_RCC_MCOConfig                        0x080088b3   Thumb Code    92  stm32f1xx_hal_rcc.o(.text)
    HAL_RCC_EnableCSS                        0x0800890f   Thumb Code     8  stm32f1xx_hal_rcc.o(.text)
    HAL_RCC_DisableCSS                       0x08008917   Thumb Code     8  stm32f1xx_hal_rcc.o(.text)
    HAL_RCC_GetHCLKFreq                      0x0800891f   Thumb Code     6  stm32f1xx_hal_rcc.o(.text)
    HAL_RCC_GetPCLK1Freq                     0x08008925   Thumb Code    22  stm32f1xx_hal_rcc.o(.text)
    HAL_RCC_GetPCLK2Freq                     0x0800893b   Thumb Code    22  stm32f1xx_hal_rcc.o(.text)
    HAL_RCC_GetOscConfig                     0x08008951   Thumb Code   254  stm32f1xx_hal_rcc.o(.text)
    HAL_RCC_GetClockConfig                   0x08008a4f   Thumb Code    58  stm32f1xx_hal_rcc.o(.text)
    HAL_RCC_CSSCallback                      0x08008a89   Thumb Code     2  stm32f1xx_hal_rcc.o(.text)
    HAL_RCC_NMI_IRQHandler                   0x08008a8b   Thumb Code    26  stm32f1xx_hal_rcc.o(.text)
    HAL_SPI_Init                             0x08008aad   Thumb Code   144  stm32f1xx_hal_spi_ex.o(.text)
    SPI_ISCRCErrorValid                      0x08008b3d   Thumb Code    30  stm32f1xx_hal_spi_ex.o(.text)
    HAL_UART_Init                            0x08008d29   Thumb Code   114  stm32f1xx_hal_uart.o(.text)
    HAL_HalfDuplex_Init                      0x08008d9b   Thumb Code   118  stm32f1xx_hal_uart.o(.text)
    HAL_LIN_Init                             0x08008e11   Thumb Code   134  stm32f1xx_hal_uart.o(.text)
    HAL_MultiProcessor_Init                  0x08008e97   Thumb Code   138  stm32f1xx_hal_uart.o(.text)
    HAL_UART_DeInit                          0x08008f23   Thumb Code    46  stm32f1xx_hal_uart.o(.text)
    HAL_UART_Transmit                        0x08008fc1   Thumb Code   214  stm32f1xx_hal_uart.o(.text)
    HAL_UART_Receive                         0x08009097   Thumb Code   222  stm32f1xx_hal_uart.o(.text)
    HAL_UART_Transmit_IT                     0x08009175   Thumb Code    88  stm32f1xx_hal_uart.o(.text)
    HAL_UART_Receive_IT                      0x080091cd   Thumb Code   112  stm32f1xx_hal_uart.o(.text)
    HAL_UART_ErrorCallback                   0x0800923d   Thumb Code     2  stm32f1xx_hal_uart.o(.text)
    HAL_UART_TxHalfCpltCallback              0x080092c3   Thumb Code     2  stm32f1xx_hal_uart.o(.text)
    HAL_UART_TxCpltCallback                  0x080092d3   Thumb Code     2  stm32f1xx_hal_uart.o(.text)
    HAL_UART_Transmit_DMA                    0x0800930b   Thumb Code   142  stm32f1xx_hal_uart.o(.text)
    HAL_UART_RxHalfCpltCallback              0x08009399   Thumb Code     2  stm32f1xx_hal_uart.o(.text)
    HAL_UART_RxCpltCallback                  0x080093a9   Thumb Code     2  stm32f1xx_hal_uart.o(.text)
    HAL_UART_Receive_DMA                     0x080093f1   Thumb Code   182  stm32f1xx_hal_uart.o(.text)
    HAL_UART_DMAPause                        0x080094a7   Thumb Code   124  stm32f1xx_hal_uart.o(.text)
    HAL_UART_DMAResume                       0x08009523   Thumb Code   126  stm32f1xx_hal_uart.o(.text)
    HAL_UART_DMAStop                         0x080095a1   Thumb Code   102  stm32f1xx_hal_uart.o(.text)
    HAL_UART_Abort                           0x08009607   Thumb Code   126  stm32f1xx_hal_uart.o(.text)
    HAL_UART_AbortTransmit                   0x08009685   Thumb Code    68  stm32f1xx_hal_uart.o(.text)
    HAL_UART_AbortReceive                    0x080096c9   Thumb Code    80  stm32f1xx_hal_uart.o(.text)
    HAL_UART_AbortCpltCallback               0x08009719   Thumb Code     2  stm32f1xx_hal_uart.o(.text)
    HAL_UART_Abort_IT                        0x08009799   Thumb Code   208  stm32f1xx_hal_uart.o(.text)
    HAL_UART_AbortTransmitCpltCallback       0x08009869   Thumb Code     2  stm32f1xx_hal_uart.o(.text)
    HAL_UART_AbortTransmit_IT                0x08009883   Thumb Code   102  stm32f1xx_hal_uart.o(.text)
    HAL_UART_AbortReceiveCpltCallback        0x080098e9   Thumb Code     2  stm32f1xx_hal_uart.o(.text)
    HAL_UART_AbortReceive_IT                 0x08009903   Thumb Code   114  stm32f1xx_hal_uart.o(.text)
    HAL_UART_IRQHandler                      0x08009ab7   Thumb Code   348  stm32f1xx_hal_uart.o(.text)
    HAL_LIN_SendBreak                        0x08009c13   Thumb Code    62  stm32f1xx_hal_uart.o(.text)
    HAL_MultiProcessor_EnterMuteMode         0x08009c51   Thumb Code    62  stm32f1xx_hal_uart.o(.text)
    HAL_MultiProcessor_ExitMuteMode          0x08009c8f   Thumb Code    62  stm32f1xx_hal_uart.o(.text)
    HAL_HalfDuplex_EnableTransmitter         0x08009ccd   Thumb Code    68  stm32f1xx_hal_uart.o(.text)
    HAL_HalfDuplex_EnableReceiver            0x08009d11   Thumb Code    68  stm32f1xx_hal_uart.o(.text)
    HAL_UART_GetState                        0x08009d55   Thumb Code    20  stm32f1xx_hal_uart.o(.text)
    HAL_UART_GetError                        0x08009d69   Thumb Code     6  stm32f1xx_hal_uart.o(.text)
    HAL_InitTick                             0x08009d73   Thumb Code    36  stm32f1xx_hal.o(.text)
    HAL_Init                                 0x08009d97   Thumb Code    34  stm32f1xx_hal.o(.text)
    HAL_MspDeInit                            0x08009db9   Thumb Code     2  stm32f1xx_hal.o(.text)
    HAL_DeInit                               0x08009dbb   Thumb Code    30  stm32f1xx_hal.o(.text)
    HAL_IncTick                              0x08009dd9   Thumb Code    12  stm32f1xx_hal.o(.text)
    HAL_GetHalVersion                        0x08009e2d   Thumb Code     4  stm32f1xx_hal.o(.text)
    HAL_GetREVID                             0x08009e31   Thumb Code     8  stm32f1xx_hal.o(.text)
    HAL_GetDEVID                             0x08009e39   Thumb Code    10  stm32f1xx_hal.o(.text)
    HAL_DBGMCU_EnableDBGSleepMode            0x08009e43   Thumb Code    14  stm32f1xx_hal.o(.text)
    HAL_DBGMCU_DisableDBGSleepMode           0x08009e51   Thumb Code    14  stm32f1xx_hal.o(.text)
    HAL_DBGMCU_EnableDBGStopMode             0x08009e5f   Thumb Code    14  stm32f1xx_hal.o(.text)
    HAL_DBGMCU_DisableDBGStopMode            0x08009e6d   Thumb Code    14  stm32f1xx_hal.o(.text)
    HAL_DBGMCU_EnableDBGStandbyMode          0x08009e7b   Thumb Code    14  stm32f1xx_hal.o(.text)
    HAL_DBGMCU_DisableDBGStandbyMode         0x08009e89   Thumb Code    14  stm32f1xx_hal.o(.text)
    HAL_GetUID                               0x08009e97   Thumb Code    24  stm32f1xx_hal.o(.text)
    Reset_Handler                            0x08009ecd   Thumb Code     8  startup_stm32f103xe.o(.text)
    SVC_Handler                              0x08009edf   Thumb Code     2  startup_stm32f103xe.o(.text)
    ADC1_2_IRQHandler                        0x08009ee7   Thumb Code     0  startup_stm32f103xe.o(.text)
    ADC3_IRQHandler                          0x08009ee7   Thumb Code     0  startup_stm32f103xe.o(.text)
    CAN1_RX1_IRQHandler                      0x08009ee7   Thumb Code     0  startup_stm32f103xe.o(.text)
    CAN1_SCE_IRQHandler                      0x08009ee7   Thumb Code     0  startup_stm32f103xe.o(.text)
    DMA1_Channel1_IRQHandler                 0x08009ee7   Thumb Code     0  startup_stm32f103xe.o(.text)
    DMA1_Channel2_IRQHandler                 0x08009ee7   Thumb Code     0  startup_stm32f103xe.o(.text)
    DMA1_Channel3_IRQHandler                 0x08009ee7   Thumb Code     0  startup_stm32f103xe.o(.text)
    DMA1_Channel4_IRQHandler                 0x08009ee7   Thumb Code     0  startup_stm32f103xe.o(.text)
    DMA1_Channel5_IRQHandler                 0x08009ee7   Thumb Code     0  startup_stm32f103xe.o(.text)
    DMA1_Channel6_IRQHandler                 0x08009ee7   Thumb Code     0  startup_stm32f103xe.o(.text)
    DMA1_Channel7_IRQHandler                 0x08009ee7   Thumb Code     0  startup_stm32f103xe.o(.text)
    DMA2_Channel1_IRQHandler                 0x08009ee7   Thumb Code     0  startup_stm32f103xe.o(.text)
    DMA2_Channel2_IRQHandler                 0x08009ee7   Thumb Code     0  startup_stm32f103xe.o(.text)
    DMA2_Channel3_IRQHandler                 0x08009ee7   Thumb Code     0  startup_stm32f103xe.o(.text)
    DMA2_Channel4_5_IRQHandler               0x08009ee7   Thumb Code     0  startup_stm32f103xe.o(.text)
    FLASH_IRQHandler                         0x08009ee7   Thumb Code     0  startup_stm32f103xe.o(.text)
    FSMC_IRQHandler                          0x08009ee7   Thumb Code     0  startup_stm32f103xe.o(.text)
    I2C1_ER_IRQHandler                       0x08009ee7   Thumb Code     0  startup_stm32f103xe.o(.text)
    I2C1_EV_IRQHandler                       0x08009ee7   Thumb Code     0  startup_stm32f103xe.o(.text)
    I2C2_ER_IRQHandler                       0x08009ee7   Thumb Code     0  startup_stm32f103xe.o(.text)
    I2C2_EV_IRQHandler                       0x08009ee7   Thumb Code     0  startup_stm32f103xe.o(.text)
    PVD_IRQHandler                           0x08009ee7   Thumb Code     0  startup_stm32f103xe.o(.text)
    RCC_IRQHandler                           0x08009ee7   Thumb Code     0  startup_stm32f103xe.o(.text)
    RTC_Alarm_IRQHandler                     0x08009ee7   Thumb Code     0  startup_stm32f103xe.o(.text)
    RTC_IRQHandler                           0x08009ee7   Thumb Code     0  startup_stm32f103xe.o(.text)
    SDIO_IRQHandler                          0x08009ee7   Thumb Code     0  startup_stm32f103xe.o(.text)
    SPI1_IRQHandler                          0x08009ee7   Thumb Code     0  startup_stm32f103xe.o(.text)
    SPI2_IRQHandler                          0x08009ee7   Thumb Code     0  startup_stm32f103xe.o(.text)
    SPI3_IRQHandler                          0x08009ee7   Thumb Code     0  startup_stm32f103xe.o(.text)
    TAMPER_IRQHandler                        0x08009ee7   Thumb Code     0  startup_stm32f103xe.o(.text)
    TIM1_BRK_IRQHandler                      0x08009ee7   Thumb Code     0  startup_stm32f103xe.o(.text)
    TIM1_CC_IRQHandler                       0x08009ee7   Thumb Code     0  startup_stm32f103xe.o(.text)
    TIM1_TRG_COM_IRQHandler                  0x08009ee7   Thumb Code     0  startup_stm32f103xe.o(.text)
    TIM1_UP_IRQHandler                       0x08009ee7   Thumb Code     0  startup_stm32f103xe.o(.text)
    TIM2_IRQHandler                          0x08009ee7   Thumb Code     0  startup_stm32f103xe.o(.text)
    TIM3_IRQHandler                          0x08009ee7   Thumb Code     0  startup_stm32f103xe.o(.text)
    TIM4_IRQHandler                          0x08009ee7   Thumb Code     0  startup_stm32f103xe.o(.text)
    TIM5_IRQHandler                          0x08009ee7   Thumb Code     0  startup_stm32f103xe.o(.text)
    TIM6_IRQHandler                          0x08009ee7   Thumb Code     0  startup_stm32f103xe.o(.text)
    TIM7_IRQHandler                          0x08009ee7   Thumb Code     0  startup_stm32f103xe.o(.text)
    TIM8_BRK_IRQHandler                      0x08009ee7   Thumb Code     0  startup_stm32f103xe.o(.text)
    TIM8_CC_IRQHandler                       0x08009ee7   Thumb Code     0  startup_stm32f103xe.o(.text)
    TIM8_TRG_COM_IRQHandler                  0x08009ee7   Thumb Code     0  startup_stm32f103xe.o(.text)
    TIM8_UP_IRQHandler                       0x08009ee7   Thumb Code     0  startup_stm32f103xe.o(.text)
    UART4_IRQHandler                         0x08009ee7   Thumb Code     0  startup_stm32f103xe.o(.text)
    UART5_IRQHandler                         0x08009ee7   Thumb Code     0  startup_stm32f103xe.o(.text)
    USBWakeUp_IRQHandler                     0x08009ee7   Thumb Code     0  startup_stm32f103xe.o(.text)
    USB_HP_CAN1_TX_IRQHandler                0x08009ee7   Thumb Code     0  startup_stm32f103xe.o(.text)
    USB_LP_CAN1_RX0_IRQHandler               0x08009ee7   Thumb Code     0  startup_stm32f103xe.o(.text)
    WWDG_IRQHandler                          0x08009ee7   Thumb Code     0  startup_stm32f103xe.o(.text)
    rt_hw_stack_init                         0x08009ef1   Thumb Code    70  cpuport.o(.text)
    rt_hw_exception_install                  0x08009f37   Thumb Code     6  cpuport.o(.text)
    rt_hw_hard_fault_exception               0x0800a11b   Thumb Code   198  cpuport.o(.text)
    rt_hw_cpu_shutdown                       0x0800a1e1   Thumb Code    22  cpuport.o(.text)
    rt_hw_cpu_reset                          0x0800a1f7   Thumb Code    10  cpuport.o(.text)
    rt_hw_interrupt_disable                  0x0800a4d1   Thumb Code     8  context_rvds.o(.text)
    rt_hw_interrupt_enable                   0x0800a4d9   Thumb Code     6  context_rvds.o(.text)
    rt_hw_context_switch                     0x0800a4df   Thumb Code    32  context_rvds.o(.text)
    rt_hw_context_switch_interrupt           0x0800a4df   Thumb Code     0  context_rvds.o(.text)
    PendSV_Handler                           0x0800a4ff   Thumb Code    60  context_rvds.o(.text)
    rt_hw_context_switch_to                  0x0800a53b   Thumb Code    58  context_rvds.o(.text)
    rt_hw_interrupt_thread_switch            0x0800a575   Thumb Code     2  context_rvds.o(.text)
    HardFault_Handler                        0x0800a577   Thumb Code    52  context_rvds.o(.text)
    rt_device_pin_register                   0x0800a675   Thumb Code    56  pin.o(.text)
    rt_pin_attach_irq                        0x0800a6ad   Thumb Code    60  pin.o(.text)
    rt_pin_detach_irq                        0x0800a6e9   Thumb Code    46  pin.o(.text)
    rt_pin_irq_enable                        0x0800a717   Thumb Code    50  pin.o(.text)
    rt_pin_mode                              0x0800a749   Thumb Code    38  pin.o(.text)
    rt_pin_write                             0x0800a76f   Thumb Code    38  pin.o(.text)
    rt_pin_read                              0x0800a795   Thumb Code    34  pin.o(.text)
    rt_hw_serial_register                    0x0800b0d7   Thumb Code   174  serial.o(.text)
    rt_hw_serial_isr                         0x0800b185   Thumb Code   394  serial.o(.text)
    rt_spi_bus_register                      0x0800b4ad   Thumb Code    56  spi_core.o(.text)
    rt_spi_bus_attach_device                 0x0800b4e5   Thumb Code    74  spi_core.o(.text)
    rt_spi_configure                         0x0800b52f   Thumb Code    96  spi_core.o(.text)
    rt_spi_send_then_send                    0x0800b58f   Thumb Code   240  spi_core.o(.text)
    rt_spi_send_then_recv                    0x0800b67f   Thumb Code   240  spi_core.o(.text)
    rt_spi_transfer                          0x0800b76f   Thumb Code   198  spi_core.o(.text)
    rt_spi_transfer_message                  0x0800b835   Thumb Code   162  spi_core.o(.text)
    rt_spi_take_bus                          0x0800b8d7   Thumb Code   204  spi_core.o(.text)
    rt_spi_release_bus                       0x0800b9a3   Thumb Code    72  spi_core.o(.text)
    rt_spi_take                              0x0800b9eb   Thumb Code    80  spi_core.o(.text)
    rt_spi_release                           0x0800ba3b   Thumb Code    80  spi_core.o(.text)
    rt_spi_bus_device_init                   0x0800bb3d   Thumb Code    56  spi_dev.o(.text)
    rt_spidev_device_init                    0x0800bbf9   Thumb Code    56  spi_dev.o(.text)
    rt_completion_init                       0x0800bcc5   Thumb Code    42  completion.o(.text)
    rt_completion_wait                       0x0800bcef   Thumb Code   198  completion.o(.text)
    rt_completion_done                       0x0800bdb5   Thumb Code    76  completion.o(.text)
    rt_data_queue_init                       0x0800be9f   Thumb Code    76  dataqueue.o(.text)
    rt_data_queue_push                       0x0800beeb   Thumb Code   282  dataqueue.o(.text)
    rt_data_queue_pop                        0x0800c005   Thumb Code   342  dataqueue.o(.text)
    rt_data_queue_peak                       0x0800c15b   Thumb Code   102  dataqueue.o(.text)
    rt_data_queue_reset                      0x0800c1c1   Thumb Code   106  dataqueue.o(.text)
    rt_ringbuffer_init                       0x0800c2df   Thumb Code    80  ringbuffer.o(.text)
    rt_ringbuffer_data_len                   0x0800c32f   Thumb Code    76  ringbuffer.o(.text)
    rt_ringbuffer_put                        0x0800c37b   Thumb Code   180  ringbuffer.o(.text)
    rt_ringbuffer_put_force                  0x0800c42f   Thumb Code   232  ringbuffer.o(.text)
    rt_ringbuffer_get                        0x0800c517   Thumb Code   178  ringbuffer.o(.text)
    rt_ringbuffer_putchar                    0x0800c5c9   Thumb Code   102  ringbuffer.o(.text)
    rt_ringbuffer_putchar_force              0x0800c62f   Thumb Code   138  ringbuffer.o(.text)
    rt_ringbuffer_getchar                    0x0800c6b9   Thumb Code   158  ringbuffer.o(.text)
    rt_ringbuffer_reset                      0x0800c757   Thumb Code    56  ringbuffer.o(.text)
    rt_ringbuffer_create                     0x0800c78f   Thumb Code    74  ringbuffer.o(.text)
    rt_ringbuffer_destroy                    0x0800c7d9   Thumb Code    34  ringbuffer.o(.text)
    finsh_set_prompt                         0x0800c809   Thumb Code    64  shell.o(.text)
    finsh_get_prompt                         0x0800c849   Thumb Code    84  shell.o(.text)
    finsh_get_prompt_mode                    0x0800c89d   Thumb Code    32  shell.o(.text)
    finsh_set_prompt_mode                    0x0800c8bd   Thumb Code    42  shell.o(.text)
    finsh_set_device                         0x0800c949   Thumb Code   156  shell.o(.text)
    finsh_get_device                         0x0800c9e5   Thumb Code    28  shell.o(.text)
    finsh_set_echo                           0x0800ca01   Thumb Code    42  shell.o(.text)
    finsh_get_echo                           0x0800ca2b   Thumb Code    32  shell.o(.text)
    finsh_thread_entry                       0x0800cb6d   Thumb Code  1414  shell.o(.text)
    finsh_system_function_init               0x0800d0f3   Thumb Code    10  shell.o(.text)
    finsh_system_var_init                    0x0800d0fd   Thumb Code    10  shell.o(.text)
    finsh_system_init                        0x0800d107   Thumb Code   102  shell.o(.text)
    hello                                    0x0800d1c5   Thumb Code    12  cmd.o(.text)
    version                                  0x0800d1d1   Thumb Code    10  cmd.o(.text)
    list_thread                              0x0800d28d   Thumb Code   294  cmd.o(.text)
    list_sem                                 0x0800d3db   Thumb Code   216  cmd.o(.text)
    list_event                               0x0800d4b3   Thumb Code   204  cmd.o(.text)
    list_mutex                               0x0800d57f   Thumb Code   610  cmd.o(.text)
    list_mailbox                             0x0800d7e1   Thumb Code   226  cmd.o(.text)
    list_msgqueue                            0x0800d8c3   Thumb Code   216  cmd.o(.text)
    list_memheap                             0x0800d99b   Thumb Code   158  cmd.o(.text)
    list_mempool                             0x0800da39   Thumb Code   210  cmd.o(.text)
    list_timer                               0x0800db0b   Thumb Code   862  cmd.o(.text)
    list_device                              0x0800de69   Thumb Code   172  cmd.o(.text)
    list                                     0x0800df15   Thumb Code    54  cmd.o(.text)
    msh_is_used                              0x0800e05d   Thumb Code     4  msh.o(.text)
    msh_help                                 0x0800e061   Thumb Code    66  msh.o(.text)
    msh_exec                                 0x0800e241   Thumb Code    82  msh.o(.text)
    msh_auto_complete                        0x0800e2b3   Thumb Code   138  msh.o(.text)
    cmd_ps                                   0x0800e3c5   Thumb Code    14  msh_cmd.o(.text)
    cmd_time                                 0x0800e3d3   Thumb Code     6  msh_cmd.o(.text)
    cmd_free                                 0x0800e3d9   Thumb Code    14  msh_cmd.o(.text)
    libc_system_init                         0x0800e3e7   Thumb Code     4  libc.o(.text)
    at_print_raw_cmd                         0x0800e3ed   Thumb Code   140  at_utils.o(.text)
    at_get_last_cmd                          0x0800e479   Thumb Code    12  at_utils.o(.text)
    at_vprintf                               0x0800e485   Thumb Code    38  at_utils.o(.text)
    at_vprintfln                             0x0800e4ab   Thumb Code    34  at_utils.o(.text)
    at_cli_init                              0x0800e559   Thumb Code    78  at_cli.o(.text)
    at_cli_deinit                            0x0800e5a7   Thumb Code    54  at_cli.o(.text)
    at_create_resp                           0x0800e921   Thumb Code   112  at_client.o(.text)
    at_delete_resp                           0x0800e991   Thumb Code    28  at_client.o(.text)
    at_resp_set_info                         0x0800e9ad   Thumb Code    60  at_client.o(.text)
    at_resp_get_line                         0x0800e9e9   Thumb Code   102  at_client.o(.text)
    at_resp_get_line_by_kw                   0x0800ea4f   Thumb Code    84  at_client.o(.text)
    at_resp_parse_line_args                  0x0800eaa3   Thumb Code    82  at_client.o(.text)
    at_resp_parse_line_args_by_kw            0x0800eaf5   Thumb Code    82  at_client.o(.text)
    at_obj_exec_cmd                          0x0800eb47   Thumb Code   218  at_client.o(.text)
    at_client_obj_wait_connect               0x0800ec21   Thumb Code   218  at_client.o(.text)
    at_client_obj_send                       0x0800ecfb   Thumb Code   354  at_client.o(.text)
    at_client_obj_recv                       0x0800eea3   Thumb Code   144  at_client.o(.text)
    at_obj_set_end_sign                      0x0800ef33   Thumb Code    42  at_client.o(.text)
    at_obj_set_urc_table                     0x0800ef5d   Thumb Code   106  at_client.o(.text)
    at_client_get                            0x0800efc7   Thumb Code    72  at_client.o(.text)
    at_client_get_first                      0x0800f00f   Thumb Code    14  at_client.o(.text)
    at_client_init                           0x0800f4cd   Thumb Code   374  at_client.o(.text)
    BYH_M_init                               0x0800f81d   Thumb Code    72  byh_m.o(.text)
    CRC16_ModbusRTU                          0x0800f865   Thumb Code    72  byh_m.o(.text)
    BYH_M_get_humiture                       0x0800f8ad   Thumb Code   164  byh_m.o(.text)
    BYH_M_get_noise                          0x0800f951   Thumb Code   152  byh_m.o(.text)
    BYH_M_get_PM_Data                        0x0800f9e9   Thumb Code   168  byh_m.o(.text)
    LED_12_Init                              0x0800faad   Thumb Code   128  led_12.o(.text)
    LED_SelectLine                           0x0800fb2d   Thumb Code    26  led_12.o(.text)
    LED_ShowChar                             0x0800fb47   Thumb Code   386  led_12.o(.text)
    LED_ShowString                           0x0800fcc9   Thumb Code    52  led_12.o(.text)
    LED_ShowChese                            0x0800fcfd   Thumb Code   728  led_12.o(.text)
    LED_ShowNChese                           0x0800ffd5   Thumb Code    58  led_12.o(.text)
    LED_Clear                                0x0801000f   Thumb Code    38  led_12.o(.text)
    LED_SendData                             0x08010035   Thumb Code   194  led_12.o(.text)
    NB_IOT_ConsultNet                        0x08010119   Thumb Code   100  nb_iot.o(.text)
    NB_IOT_GetSignal                         0x0801017d   Thumb Code   192  nb_iot.o(.text)
    NB_IOT_GetCIMI                           0x0801023d   Thumb Code   132  nb_iot.o(.text)
    NB_IOT_GetCGSN                           0x080102c1   Thumb Code   138  nb_iot.o(.text)
    at_client_port_init                      0x0801034b   Thumb Code    20  nb_iot.o(.text)
    NB_IOT_Init                              0x0801035f   Thumb Code   216  nb_iot.o(.text)
    NB_IOT_HTTPCREATE                        0x08010437   Thumb Code   124  nb_iot.o(.text)
    NB_IOT_HTTPHEADER                        0x080104b3   Thumb Code   436  nb_iot.o(.text)
    NB_IOT_HTTPCONTENT                       0x08010667   Thumb Code   128  nb_iot.o(.text)
    NB_IOT_HTTPSEND                          0x080106e7   Thumb Code   142  nb_iot.o(.text)
    NB_IOT_HTTPCLOSE                         0x08010775   Thumb Code   112  nb_iot.o(.text)
    NB_IOT_Connect                           0x080107e5   Thumb Code   188  nb_iot.o(.text)
    Char2ASCII                               0x080108a1   Thumb Code    74  nb_iot.o(.text)
    NB_IOT_SendData                          0x080108eb   Thumb Code   310  nb_iot.o(.text)
    __aeabi_llsr                             0x08010d2d   Thumb Code    32  llushr.o(.text)
    _ll_ushift_r                             0x08010d2d   Thumb Code     0  llushr.o(.text)
    __aeabi_memcpy                           0x08010d4d   Thumb Code    36  memcpya.o(.text)
    __aeabi_memcpy4                          0x08010d4d   Thumb Code     0  memcpya.o(.text)
    __aeabi_memcpy8                          0x08010d4d   Thumb Code     0  memcpya.o(.text)
    __aeabi_memset                           0x08010d71   Thumb Code    14  memseta.o(.text)
    __aeabi_memset4                          0x08010d71   Thumb Code     0  memseta.o(.text)
    __aeabi_memset8                          0x08010d71   Thumb Code     0  memseta.o(.text)
    __aeabi_memclr                           0x08010d7f   Thumb Code     4  memseta.o(.text)
    __aeabi_memclr4                          0x08010d7f   Thumb Code     0  memseta.o(.text)
    __aeabi_memclr8                          0x08010d7f   Thumb Code     0  memseta.o(.text)
    _memset$wrapper                          0x08010d83   Thumb Code    18  memseta.o(.text)
    strcat                                   0x08010d95   Thumb Code    24  strcat.o(.text)
    strstr                                   0x08010dad   Thumb Code    36  strstr.o(.text)
    strncpy                                  0x08010dd1   Thumb Code    24  strncpy.o(.text)
    strlen                                   0x08010de9   Thumb Code    14  strlen.o(.text)
    strcmp                                   0x08010df7   Thumb Code    28  strcmp.o(.text)
    memcmp                                   0x08010e13   Thumb Code    26  memcmp.o(.text)
    strcpy                                   0x08010e2d   Thumb Code    18  strcpy.o(.text)
    strncmp                                  0x08010e3f   Thumb Code    30  strncmp.o(.text)
    vsscanf                                  0x08010e5d   Thumb Code    40  vsscanf.o(.text)
    __aeabi_ddiv                             0x08010e8d   Thumb Code   222  ddiv.o(.text)
    __aeabi_i2d                              0x08010f6b   Thumb Code    34  dflti.o(.text)
    __aeabi_uidiv                            0x08010f8d   Thumb Code     0  uidiv.o(.text)
    __aeabi_uidivmod                         0x08010f8d   Thumb Code    44  uidiv.o(.text)
    __aeabi_uldivmod                         0x08010fb9   Thumb Code    98  uldiv.o(.text)
    _scanf_longlong                          0x0801101b   Thumb Code   342  _scanf_longlong.o(.text)
    _scanf_int                               0x08011171   Thumb Code   332  _scanf_int.o(.text)
    _scanf_string                            0x080112bd   Thumb Code   224  _scanf_str.o(.text)
    _scanf_real                              0x080114c5   Thumb Code     0  scanf_fp.o(.text)
    _scanf_really_real                       0x080114c5   Thumb Code   556  scanf_fp.o(.text)
    __vfscanf_char                           0x08011709   Thumb Code    20  scanf_char.o(.text)
    _sgetc                                   0x08011725   Thumb Code    30  _sgetc.o(.text)
    _sbackspace                              0x08011743   Thumb Code    34  _sgetc.o(.text)
    __I$use$fp                               0x08011765   Thumb Code     0  iusefp.o(.text)
    _double_round                            0x08011765   Thumb Code    30  depilogue.o(.text)
    _double_epilogue                         0x08011783   Thumb Code   156  depilogue.o(.text)
    __aeabi_dadd                             0x0801181f   Thumb Code   322  dadd.o(.text)
    __aeabi_dsub                             0x08011961   Thumb Code     6  dadd.o(.text)
    __aeabi_drsub                            0x08011967   Thumb Code     6  dadd.o(.text)
    __aeabi_dmul                             0x0801196d   Thumb Code   228  dmul.o(.text)
    __aeabi_d2ulz                            0x08011a51   Thumb Code    48  dfixul.o(.text)
    __aeabi_cdrcmple                         0x08011a81   Thumb Code    48  cdrcmple.o(.text)
    __scatterload                            0x08011ab1   Thumb Code    28  init.o(.text)
    __scatterload_rt2                        0x08011ab1   Thumb Code     0  init.o(.text)
    __aeabi_llsl                             0x08011ad5   Thumb Code    30  llshl.o(.text)
    _ll_shift_l                              0x08011ad5   Thumb Code     0  llshl.o(.text)
    __aeabi_lasr                             0x08011af3   Thumb Code    36  llsshr.o(.text)
    _ll_sshift_r                             0x08011af3   Thumb Code     0  llsshr.o(.text)
    isspace                                  0x08011b17   Thumb Code    10  isspace_c.o(.text)
    _chval                                   0x08011b21   Thumb Code    28  _chval.o(.text)
    __vfscanf                                0x08011b3d   Thumb Code   808  _scanf.o(.text)
    __aeabi_ul2d                             0x08011e69   Thumb Code    24  dfltul.o(.text)
    __aeabi_d2f                              0x08011e81   Thumb Code    56  d2f.o(.text)
    __ctype_lookup                           0x08011eb9   Thumb Code    34  ctype_c.o(.text)
    _float_round                             0x08011ee1   Thumb Code    18  fepilogue.o(.text)
    _float_epilogue                          0x08011ef3   Thumb Code    92  fepilogue.o(.text)
    __decompress                             0x08011f4f   Thumb Code     0  __dczerorl2.o(.text)
    __decompress1                            0x08011f4f   Thumb Code    86  __dczerorl2.o(.text)
    __0sprintf                               0x08011fa5   Thumb Code    34  printfa.o(i.__0sprintf)
    __1sprintf                               0x08011fa5   Thumb Code     0  printfa.o(i.__0sprintf)
    __2sprintf                               0x08011fa5   Thumb Code     0  printfa.o(i.__0sprintf)
    __c89sprintf                             0x08011fa5   Thumb Code     0  printfa.o(i.__0sprintf)
    sprintf                                  0x08011fa5   Thumb Code     0  printfa.o(i.__0sprintf)
    __0vsnprintf                             0x08011fcd   Thumb Code    40  printfa.o(i.__0vsnprintf)
    __1vsnprintf                             0x08011fcd   Thumb Code     0  printfa.o(i.__0vsnprintf)
    __2vsnprintf                             0x08011fcd   Thumb Code     0  printfa.o(i.__0vsnprintf)
    __c89vsnprintf                           0x08011fcd   Thumb Code     0  printfa.o(i.__0vsnprintf)
    vsnprintf                                0x08011fcd   Thumb Code     0  printfa.o(i.__0vsnprintf)
    __scatterload_copy                       0x08011ff9   Thumb Code    14  handlers.o(i.__scatterload_copy)
    __scatterload_null                       0x08012007   Thumb Code     2  handlers.o(i.__scatterload_null)
    __scatterload_zeroinit                   0x08012009   Thumb Code    14  handlers.o(i.__scatterload_zeroinit)
    _is_digit                                0x0801219d   Thumb Code    14  scanf_fp.o(i._is_digit)
    __lowest_bit_bitmap                      0x08012be4   Data         256  kservice.o(.constdata)
    stm_spi_ops                              0x08013180   Data           8  drv_spi.o(.constdata)
    AHBPrescTable                            0x080131ac   Data          16  system_stm32f1xx.o(.constdata)
    APBPrescTable                            0x080131bc   Data           8  system_stm32f1xx.o(.constdata)
    Chese_12                                 0x080137dc   Data         240  led_12.o(.constdata)
    Chese_16                                 0x080138cc   Data         288  led_12.o(.constdata)
    ASCII_12                                 0x080139ec   Data        1140  led_12.o(.constdata)
    ASCII_16                                 0x08013e60   Data        1520  led_12.o(.constdata)
    __ctype_categories                       0x080144d0   Data          64  ctype_c.o(.constdata)
    __fsym_list_mem_name                     0x08014cbb   Data           9  mem.o(.rodata.name)
    __fsym_list_mem_desc                     0x08014cc4   Data          30  mem.o(.rodata.name)
    __fsym___cmd_Enviroment_name             0x08014ce2   Data          17  enviroment.o(.rodata.name)
    __fsym___cmd_Enviroment_desc             0x08014cf3   Data          18  enviroment.o(.rodata.name)
    __fsym_pinMode_name                      0x08014d05   Data           8  pin.o(.rodata.name)
    __fsym_pinMode_desc                      0x08014d0d   Data          22  pin.o(.rodata.name)
    __fsym_pinWrite_name                     0x08014d23   Data           9  pin.o(.rodata.name)
    __fsym_pinWrite_desc                     0x08014d2c   Data          28  pin.o(.rodata.name)
    __fsym_pinRead_name                      0x08014d48   Data           8  pin.o(.rodata.name)
    __fsym_pinRead_desc                      0x08014d50   Data          30  pin.o(.rodata.name)
    __fsym_hello_name                        0x08014d6e   Data           6  cmd.o(.rodata.name)
    __fsym_hello_desc                        0x08014d74   Data          16  cmd.o(.rodata.name)
    __fsym_version_name                      0x08014d84   Data           8  cmd.o(.rodata.name)
    __fsym_version_desc                      0x08014d8c   Data          35  cmd.o(.rodata.name)
    __fsym___cmd_version_name                0x08014daf   Data          14  cmd.o(.rodata.name)
    __fsym___cmd_version_desc                0x08014dbd   Data          35  cmd.o(.rodata.name)
    __fsym_list_thread_name                  0x08014de0   Data          12  cmd.o(.rodata.name)
    __fsym_list_thread_desc                  0x08014dec   Data          12  cmd.o(.rodata.name)
    __fsym___cmd_list_thread_name            0x08014df8   Data          18  cmd.o(.rodata.name)
    __fsym___cmd_list_thread_desc            0x08014e0a   Data          12  cmd.o(.rodata.name)
    __fsym_list_sem_name                     0x08014e16   Data           9  cmd.o(.rodata.name)
    __fsym_list_sem_desc                     0x08014e1f   Data          25  cmd.o(.rodata.name)
    __fsym___cmd_list_sem_name               0x08014e38   Data          15  cmd.o(.rodata.name)
    __fsym___cmd_list_sem_desc               0x08014e47   Data          25  cmd.o(.rodata.name)
    __fsym_list_event_name                   0x08014e60   Data          11  cmd.o(.rodata.name)
    __fsym_list_event_desc                   0x08014e6b   Data          21  cmd.o(.rodata.name)
    __fsym___cmd_list_event_name             0x08014e80   Data          17  cmd.o(.rodata.name)
    __fsym___cmd_list_event_desc             0x08014e91   Data          21  cmd.o(.rodata.name)
    __fsym_list_mutex_name                   0x08014ea6   Data          11  cmd.o(.rodata.name)
    __fsym_list_mutex_desc                   0x08014eb1   Data          21  cmd.o(.rodata.name)
    __fsym___cmd_list_mutex_name             0x08014ec6   Data          17  cmd.o(.rodata.name)
    __fsym___cmd_list_mutex_desc             0x08014ed7   Data          21  cmd.o(.rodata.name)
    __fsym_list_mailbox_name                 0x08014eec   Data          13  cmd.o(.rodata.name)
    __fsym_list_mailbox_desc                 0x08014ef9   Data          24  cmd.o(.rodata.name)
    __fsym___cmd_list_mailbox_name           0x08014f11   Data          19  cmd.o(.rodata.name)
    __fsym___cmd_list_mailbox_desc           0x08014f24   Data          24  cmd.o(.rodata.name)
    __fsym_list_msgqueue_name                0x08014f3c   Data          14  cmd.o(.rodata.name)
    __fsym_list_msgqueue_desc                0x08014f4a   Data          29  cmd.o(.rodata.name)
    __fsym___cmd_list_msgqueue_name          0x08014f67   Data          20  cmd.o(.rodata.name)
    __fsym___cmd_list_msgqueue_desc          0x08014f7b   Data          29  cmd.o(.rodata.name)
    __fsym_list_memheap_name                 0x08014f98   Data          13  cmd.o(.rodata.name)
    __fsym_list_memheap_desc                 0x08014fa5   Data          27  cmd.o(.rodata.name)
    __fsym___cmd_list_memheap_name           0x08014fc0   Data          19  cmd.o(.rodata.name)
    __fsym___cmd_list_memheap_desc           0x08014fd3   Data          27  cmd.o(.rodata.name)
    __fsym_list_mempool_name                 0x08014fee   Data          13  cmd.o(.rodata.name)
    __fsym_list_mempool_desc                 0x08014ffb   Data          27  cmd.o(.rodata.name)
    __fsym___cmd_list_mempool_name           0x08015016   Data          19  cmd.o(.rodata.name)
    __fsym___cmd_list_mempool_desc           0x08015029   Data          27  cmd.o(.rodata.name)
    __fsym_list_timer_name                   0x08015044   Data          11  cmd.o(.rodata.name)
    __fsym_list_timer_desc                   0x0801504f   Data          21  cmd.o(.rodata.name)
    __fsym___cmd_list_timer_name             0x08015064   Data          17  cmd.o(.rodata.name)
    __fsym___cmd_list_timer_desc             0x08015075   Data          21  cmd.o(.rodata.name)
    __fsym_list_device_name                  0x0801508a   Data          12  cmd.o(.rodata.name)
    __fsym_list_device_desc                  0x08015096   Data          22  cmd.o(.rodata.name)
    __fsym___cmd_list_device_name            0x080150ac   Data          18  cmd.o(.rodata.name)
    __fsym___cmd_list_device_desc            0x080150be   Data          22  cmd.o(.rodata.name)
    __fsym_list_name                         0x080150d4   Data           5  cmd.o(.rodata.name)
    __fsym_list_desc                         0x080150d9   Data          26  cmd.o(.rodata.name)
    __fsym___cmd_help_name                   0x080150f3   Data          11  msh.o(.rodata.name)
    __fsym___cmd_help_desc                   0x080150fe   Data          22  msh.o(.rodata.name)
    __fsym___cmd_ps_name                     0x08015114   Data           9  msh_cmd.o(.rodata.name)
    __fsym___cmd_ps_desc                     0x0801511d   Data          28  msh_cmd.o(.rodata.name)
    __fsym___cmd_time_name                   0x08015139   Data          11  msh_cmd.o(.rodata.name)
    __fsym___cmd_time_desc                   0x08015144   Data          27  msh_cmd.o(.rodata.name)
    __fsym___cmd_free_name                   0x0801515f   Data          11  msh_cmd.o(.rodata.name)
    __fsym___cmd_free_desc                   0x0801516a   Data          37  msh_cmd.o(.rodata.name)
    __fsym___cmd_at_name                     0x0801518f   Data           9  at_cli.o(.rodata.name)
    __fsym___cmd_at_desc                     0x08015198   Data          58  at_cli.o(.rodata.name)
    __rt_init_rti_start                      0x080151d4   Data           4  components.o(.rti_fn.0)
    __rt_init_rti_board_start                0x080151d8   Data           4  components.o(.rti_fn.0.end)
    __rt_init_rt_hw_pin_init                 0x080151dc   Data           4  drv_gpio.o(.rti_fn.1)
    __rt_init_rt_hw_usart_init               0x080151e0   Data           4  drv_usart.o(.rti_fn.1)
    __rt_init_stm32_hw_spi_init              0x080151e4   Data           4  drv_spi.o(.rti_fn.1)
    __rt_init_rti_board_end                  0x080151e8   Data           4  components.o(.rti_fn.1.end)
    __rt_init_Enviroment                     0x080151ec   Data           4  enviroment.o(.rti_fn.4)
    __rt_init_libc_system_init               0x080151f0   Data           4  libc.o(.rti_fn.4)
    __rt_init_finsh_system_init              0x080151f4   Data           4  shell.o(.rti_fn.6)
    __rt_init_rti_end                        0x080151f8   Data           4  components.o(.rti_fn.6.end)
    FSymTab$$Base                            0x080151fc   Number         0  mem.o(FSymTab)
    __fsym_list_mem                          0x080151fc   Data          12  mem.o(FSymTab)
    __fsym___cmd_Enviroment                  0x08015208   Data          12  enviroment.o(FSymTab)
    __fsym_pinMode                           0x08015214   Data          12  pin.o(FSymTab)
    __fsym_pinWrite                          0x08015220   Data          12  pin.o(FSymTab)
    __fsym_pinRead                           0x0801522c   Data          12  pin.o(FSymTab)
    __fsym_hello                             0x08015238   Data          12  cmd.o(FSymTab)
    __fsym_version                           0x08015244   Data          12  cmd.o(FSymTab)
    __fsym___cmd_version                     0x08015250   Data          12  cmd.o(FSymTab)
    __fsym_list_thread                       0x0801525c   Data          12  cmd.o(FSymTab)
    __fsym___cmd_list_thread                 0x08015268   Data          12  cmd.o(FSymTab)
    __fsym_list_sem                          0x08015274   Data          12  cmd.o(FSymTab)
    __fsym___cmd_list_sem                    0x08015280   Data          12  cmd.o(FSymTab)
    __fsym_list_event                        0x0801528c   Data          12  cmd.o(FSymTab)
    __fsym___cmd_list_event                  0x08015298   Data          12  cmd.o(FSymTab)
    __fsym_list_mutex                        0x080152a4   Data          12  cmd.o(FSymTab)
    __fsym___cmd_list_mutex                  0x080152b0   Data          12  cmd.o(FSymTab)
    __fsym_list_mailbox                      0x080152bc   Data          12  cmd.o(FSymTab)
    __fsym___cmd_list_mailbox                0x080152c8   Data          12  cmd.o(FSymTab)
    __fsym_list_msgqueue                     0x080152d4   Data          12  cmd.o(FSymTab)
    __fsym___cmd_list_msgqueue               0x080152e0   Data          12  cmd.o(FSymTab)
    __fsym_list_memheap                      0x080152ec   Data          12  cmd.o(FSymTab)
    __fsym___cmd_list_memheap                0x080152f8   Data          12  cmd.o(FSymTab)
    __fsym_list_mempool                      0x08015304   Data          12  cmd.o(FSymTab)
    __fsym___cmd_list_mempool                0x08015310   Data          12  cmd.o(FSymTab)
    __fsym_list_timer                        0x0801531c   Data          12  cmd.o(FSymTab)
    __fsym___cmd_list_timer                  0x08015328   Data          12  cmd.o(FSymTab)
    __fsym_list_device                       0x08015334   Data          12  cmd.o(FSymTab)
    __fsym___cmd_list_device                 0x08015340   Data          12  cmd.o(FSymTab)
    __fsym_list                              0x0801534c   Data          12  cmd.o(FSymTab)
    __fsym___cmd_help                        0x08015358   Data          12  msh.o(FSymTab)
    __fsym___cmd_ps                          0x08015364   Data          12  msh_cmd.o(FSymTab)
    __fsym___cmd_time                        0x08015370   Data          12  msh_cmd.o(FSymTab)
    __fsym___cmd_free                        0x0801537c   Data          12  msh_cmd.o(FSymTab)
    __fsym___cmd_at                          0x08015388   Data          12  at_cli.o(FSymTab)
    FSymTab$$Limit                           0x08015394   Number         0  at_cli.o(FSymTab)
    Region$$Table$$Base                      0x08015394   Number         0  anon$$obj.o(Region$$Table)
    Region$$Table$$Limit                     0x080153b4   Number         0  anon$$obj.o(Region$$Table)
    rt_interrupt_nest                        0x2000000c   Data           1  irq.o(.data)
    rt_assert_hook                           0x20000018   Data           4  kservice.o(.data)
    rt_object_trytake_hook                   0x200000e4   Data           4  object.o(.data)
    rt_object_take_hook                      0x200000e8   Data           4  object.o(.data)
    rt_object_put_hook                       0x200000ec   Data           4  object.o(.data)
    rt_thread_ready_priority_group           0x200000f0   Data           4  scheduler.o(.data)
    rt_current_thread                        0x200000f8   Data           4  scheduler.o(.data)
    rt_current_priority                      0x200000fc   Data           1  scheduler.o(.data)
    rt_thread_defunct                        0x20000100   Data           8  scheduler.o(.data)
    pin_irq_hdr_tab                          0x20000134   Data         192  drv_gpio.o(.data)
    uart1                                    0x200001f4   Data          68  drv_usart.o(.data)
    uart2                                    0x20000238   Data          68  drv_usart.o(.data)
    uart3                                    0x2000027c   Data          68  drv_usart.o(.data)
    _spi1                                    0x200002c0   Data           8  drv_spi.o(.data)
    _spi2                                    0x200002c8   Data           8  drv_spi.o(.data)
    SystemCoreClock                          0x200002d0   Data           4  system_stm32f1xx.o(.data)
    uCRCErrorWorkaroundCheck                 0x200002d4   Data           1  stm32f1xx_hal_spi_ex.o(.data)
    uwTick                                   0x200002d8   Data           4  stm32f1xx_hal.o(.data)
    rt_interrupt_from_thread                 0x200002dc   Data           4  cpuport.o(.data)
    rt_interrupt_to_thread                   0x200002e0   Data           4  cpuport.o(.data)
    rt_thread_switch_interrupt_flag          0x200002e4   Data           4  cpuport.o(.data)
    shell                                    0x200002ec   Data           4  shell.o(.data)
    _syscall_table_begin                     0x200002f4   Data           4  symbol.o(.data)
    _syscall_table_end                       0x200002f8   Data           4  symbol.o(.data)
    _sysvar_table_begin                      0x200002fc   Data           4  symbol.o(.data)
    _sysvar_table_end                        0x20000300   Data           4  symbol.o(.data)
    Chese_index                              0x20000320   Data          40  led_12.o(.data)
    spi_dev                                  0x20000348   Data           4  led_12.o(.data)
    cfg                                      0x2000034c   Data           8  led_12.o(.data)
    NB_REC_DATA                              0x20000354   Data          20  nb_iot.o(.data)
    flag                                     0x20000368   Data           4  nb_iot.o(.data)
    rt_thread_priority_table                 0x200005e4   Data         256  scheduler.o(.bss)
    serial1                                  0x2000076c   Data          84  drv_usart.o(.bss)
    serial2                                  0x200007c0   Data          84  drv_usart.o(.bss)
    serial3                                  0x20000814   Data          84  drv_usart.o(.bss)
    _spi_bus1                                0x20000868   Data         112  drv_spi.o(.bss)
    _spi_bus2                                0x200008d8   Data         112  drv_spi.o(.bss)
    LED_DATA                                 0x20000b04   Data         576  led_12.o(.bss)
    Image$$RW_IRAM1$$ZI$$Limit               0x20001148   Number         0  anon$$obj.o ABSOLUTE
    __initial_sp                             0x20001148   Data           0  startup_stm32f103xe.o(STACK)



==============================================================================

Memory Map of the image

  Image Entry point : 0x08000131

  Load Region LR_IROM1 (Base: 0x08000000, Size: 0x00015768, Max: 0x00080000, ABSOLUTE, COMPRESSED[0x00015488])

    Execution Region ER_IROM1 (Exec base: 0x08000000, Load base: 0x08000000, Size: 0x000153b4, Max: 0x00080000, ABSOLUTE)

    Exec Addr    Load Addr    Size         Type   Attr      Idx    E Section Name        Object

    0x08000000   0x08000000   0x00000130   Data   RO         1629    RESET               startup_stm32f103xe.o
    0x08000130   0x08000130   0x00000000   Code   RO         2210  * .ARM.Collect$$$$00000000  mc_w.l(entry.o)
    0x08000130   0x08000130   0x00000004   Code   RO         2504    .ARM.Collect$$$$00000001  mc_w.l(entry2.o)
    0x08000134   0x08000134   0x00000004   Code   RO         2507    .ARM.Collect$$$$00000004  mc_w.l(entry5.o)
    0x08000138   0x08000138   0x00000000   Code   RO         2509    .ARM.Collect$$$$00000008  mc_w.l(entry7b.o)
    0x08000138   0x08000138   0x00000000   Code   RO         2511    .ARM.Collect$$$$0000000A  mc_w.l(entry8b.o)
    0x08000138   0x08000138   0x00000008   Code   RO         2512    .ARM.Collect$$$$0000000B  mc_w.l(entry9a.o)
    0x08000140   0x08000140   0x00000000   Code   RO         2514    .ARM.Collect$$$$0000000D  mc_w.l(entry10a.o)
    0x08000140   0x08000140   0x00000000   Code   RO         2516    .ARM.Collect$$$$0000000F  mc_w.l(entry11a.o)
    0x08000140   0x08000140   0x00000004   Code   RO         2505    .ARM.Collect$$$$00002712  mc_w.l(entry2.o)
    0x08000144   0x08000144   0x00000084   Code   RO            1    .text               clock.o
    0x080001c8   0x080001c8   0x000000d4   Code   RO           79    .text               components.o
    0x0800029c   0x0800029c   0x0000052c   Code   RO          104    .text               device.o
    0x080007c8   0x080007c8   0x000001fc   Code   RO          117    .text               idle.o
    0x080009c4   0x080009c4   0x00001c2c   Code   RO          136    .text               ipc.o
    0x080025f0   0x080025f0   0x0000008c   Code   RO          154    .text               irq.o
    0x0800267c   0x0800267c   0x00000ad4   Code   RO          169    .text               kservice.o
    0x08003150   0x08003150   0x000008b8   Code   RO          189    .text               mem.o
    0x08003a08   0x08003a08   0x000003b0   Code   RO          257    .text               object.o
    0x08003db8   0x08003db8   0x00000390   Code   RO          276    .text               scheduler.o
    0x08004148   0x08004148   0x000007e0   Code   RO          312    .text               thread.o
    0x08004928   0x08004928   0x000005bc   Code   RO          332    .text               timer.o
    0x08004ee4   0x08004ee4   0x000008ec   Code   RO          351    .text               enviroment.o
    0x080057d0   0x080057d0   0x00000038   Code   RO          421    .text               main.o
    0x08005808   0x08005808   0x00000234   Code   RO          436    .text               board.o
    0x08005a3c   0x08005a3c   0x00000010   Code   RO          547    .text               stm32f1xx_it.o
    0x08005a4c   0x08005a4c   0x00000614   Code   RO          574    .text               drv_gpio.o
    0x08006060   0x08006060   0x00000508   Code   RO          603    .text               drv_usart.o
    0x08006568   0x08006568   0x00000518   Code   RO          640    .text               drv_spi.o
    0x08006a80   0x08006a80   0x000000f4   Code   RO          673    .text               system_stm32f1xx.o
    0x08006b74   0x08006b74   0x000004e8   Code   RO          740    .text               stm32f1xx_hal_gpio.o
    0x0800705c   0x0800705c   0x00000ee4   Code   RO          840    .text               stm32f1xx_hal_dma.o
    0x08007f40   0x08007f40   0x000002c4   Code   RO          864    .text               stm32f1xx_hal_cortex.o
    0x08008204   0x08008204   0x000008a8   Code   RO          994    .text               stm32f1xx_hal_rcc.o
    0x08008aac   0x08008aac   0x000000b8   Code   RO         1120    .text               stm32f1xx_hal_spi_ex.o
    0x08008b64   0x08008b64   0x0000120a   Code   RO         1195    .text               stm32f1xx_hal_uart.o
    0x08009d6e   0x08009d6e   0x00000002   PAD
    0x08009d70   0x08009d70   0x0000015c   Code   RO         1261    .text               stm32f1xx_hal.o
    0x08009ecc   0x08009ecc   0x00000024   Code   RO         1630    .text               startup_stm32f103xe.o
    0x08009ef0   0x08009ef0   0x000005e0   Code   RO         1668    .text               cpuport.o
    0x0800a4d0   0x0800a4d0   0x000000f4   Code   RO         1684    .text               context_rvds.o
    0x0800a5c4   0x0800a5c4   0x00000250   Code   RO         1688    .text               pin.o
    0x0800a814   0x0800a814   0x00000c98   Code   RO         1706    .text               serial.o
    0x0800b4ac   0x0800b4ac   0x0000060c   Code   RO         1722    .text               spi_core.o
    0x0800bab8   0x0800bab8   0x0000020c   Code   RO         1744    .text               spi_dev.o
    0x0800bcc4   0x0800bcc4   0x000001cc   Code   RO         1757    .text               completion.o
    0x0800be90   0x0800be90   0x00000424   Code   RO         1773    .text               dataqueue.o
    0x0800c2b4   0x0800c2b4   0x00000554   Code   RO         1827    .text               ringbuffer.o
    0x0800c808   0x0800c808   0x000009a8   Code   RO         1872    .text               shell.o
    0x0800d1b0   0x0800d1b0   0x00000eac   Code   RO         1913    .text               cmd.o
    0x0800e05c   0x0800e05c   0x00000368   Code   RO         1934    .text               msh.o
    0x0800e3c4   0x0800e3c4   0x00000022   Code   RO         1951    .text               msh_cmd.o
    0x0800e3e6   0x0800e3e6   0x00000004   Code   RO         1973    .text               libc.o
    0x0800e3ea   0x0800e3ea   0x00000002   PAD
    0x0800e3ec   0x0800e3ec   0x0000011c   Code   RO         2078    .text               at_utils.o
    0x0800e508   0x0800e508   0x00000418   Code   RO         2093    .text               at_cli.o
    0x0800e920   0x0800e920   0x00000efc   Code   RO         2113    .text               at_client.o
    0x0800f81c   0x0800f81c   0x00000290   Code   RO         2133    .text               byh_m.o
    0x0800faac   0x0800faac   0x0000066c   Code   RO         2154    .text               led_12.o
    0x08010118   0x08010118   0x00000c14   Code   RO         2190    .text               nb_iot.o
    0x08010d2c   0x08010d2c   0x00000020   Code   RO         2213    .text               mc_w.l(llushr.o)
    0x08010d4c   0x08010d4c   0x00000024   Code   RO         2215    .text               mc_w.l(memcpya.o)
    0x08010d70   0x08010d70   0x00000024   Code   RO         2217    .text               mc_w.l(memseta.o)
    0x08010d94   0x08010d94   0x00000018   Code   RO         2219    .text               mc_w.l(strcat.o)
    0x08010dac   0x08010dac   0x00000024   Code   RO         2221    .text               mc_w.l(strstr.o)
    0x08010dd0   0x08010dd0   0x00000018   Code   RO         2223    .text               mc_w.l(strncpy.o)
    0x08010de8   0x08010de8   0x0000000e   Code   RO         2225    .text               mc_w.l(strlen.o)
    0x08010df6   0x08010df6   0x0000001c   Code   RO         2227    .text               mc_w.l(strcmp.o)
    0x08010e12   0x08010e12   0x0000001a   Code   RO         2229    .text               mc_w.l(memcmp.o)
    0x08010e2c   0x08010e2c   0x00000012   Code   RO         2231    .text               mc_w.l(strcpy.o)
    0x08010e3e   0x08010e3e   0x0000001e   Code   RO         2233    .text               mc_w.l(strncmp.o)
    0x08010e5c   0x08010e5c   0x00000030   Code   RO         2498    .text               mc_w.l(vsscanf.o)
    0x08010e8c   0x08010e8c   0x000000de   Code   RO         2500    .text               mf_w.l(ddiv.o)
    0x08010f6a   0x08010f6a   0x00000022   Code   RO         2502    .text               mf_w.l(dflti.o)
    0x08010f8c   0x08010f8c   0x0000002c   Code   RO         2519    .text               mc_w.l(uidiv.o)
    0x08010fb8   0x08010fb8   0x00000062   Code   RO         2521    .text               mc_w.l(uldiv.o)
    0x0801101a   0x0801101a   0x00000156   Code   RO         2523    .text               mc_w.l(_scanf_longlong.o)
    0x08011170   0x08011170   0x0000014c   Code   RO         2525    .text               mc_w.l(_scanf_int.o)
    0x080112bc   0x080112bc   0x000000e0   Code   RO         2527    .text               mc_w.l(_scanf_str.o)
    0x0801139c   0x0801139c   0x00000360   Code   RO         2529    .text               mc_w.l(scanf_fp.o)
    0x080116fc   0x080116fc   0x00000028   Code   RO         2533    .text               mc_w.l(scanf_char.o)
    0x08011724   0x08011724   0x00000040   Code   RO         2535    .text               mc_w.l(_sgetc.o)
    0x08011764   0x08011764   0x00000000   Code   RO         2537    .text               mc_w.l(iusefp.o)
    0x08011764   0x08011764   0x000000ba   Code   RO         2538    .text               mf_w.l(depilogue.o)
    0x0801181e   0x0801181e   0x0000014e   Code   RO         2540    .text               mf_w.l(dadd.o)
    0x0801196c   0x0801196c   0x000000e4   Code   RO         2542    .text               mf_w.l(dmul.o)
    0x08011a50   0x08011a50   0x00000030   Code   RO         2544    .text               mf_w.l(dfixul.o)
    0x08011a80   0x08011a80   0x00000030   Code   RO         2546    .text               mf_w.l(cdrcmple.o)
    0x08011ab0   0x08011ab0   0x00000024   Code   RO         2548    .text               mc_w.l(init.o)
    0x08011ad4   0x08011ad4   0x0000001e   Code   RO         2550    .text               mc_w.l(llshl.o)
    0x08011af2   0x08011af2   0x00000024   Code   RO         2552    .text               mc_w.l(llsshr.o)
    0x08011b16   0x08011b16   0x0000000a   Code   RO         2554    .text               mc_w.l(isspace_c.o)
    0x08011b20   0x08011b20   0x0000001c   Code   RO         2556    .text               mc_w.l(_chval.o)
    0x08011b3c   0x08011b3c   0x0000032c   Code   RO         2558    .text               mc_w.l(_scanf.o)
    0x08011e68   0x08011e68   0x00000018   Code   RO         2560    .text               mf_w.l(dfltul.o)
    0x08011e80   0x08011e80   0x00000038   Code   RO         2562    .text               mf_w.l(d2f.o)
    0x08011eb8   0x08011eb8   0x00000028   Code   RO         2564    .text               mc_w.l(ctype_c.o)
    0x08011ee0   0x08011ee0   0x0000006e   Code   RO         2567    .text               mf_w.l(fepilogue.o)
    0x08011f4e   0x08011f4e   0x00000056   Code   RO         2577    .text               mc_w.l(__dczerorl2.o)
    0x08011fa4   0x08011fa4   0x00000028   Code   RO         2472    i.__0sprintf        mc_w.l(printfa.o)
    0x08011fcc   0x08011fcc   0x0000002c   Code   RO         2475    i.__0vsnprintf      mc_w.l(printfa.o)
    0x08011ff8   0x08011ff8   0x0000000e   Code   RO         2571    i.__scatterload_copy  mc_w.l(handlers.o)
    0x08012006   0x08012006   0x00000002   Code   RO         2572    i.__scatterload_null  mc_w.l(handlers.o)
    0x08012008   0x08012008   0x0000000e   Code   RO         2573    i.__scatterload_zeroinit  mc_w.l(handlers.o)
    0x08012016   0x08012016   0x00000002   PAD
    0x08012018   0x08012018   0x00000184   Code   RO         2477    i._fp_digits        mc_w.l(printfa.o)
    0x0801219c   0x0801219c   0x0000000e   Code   RO         2531    i._is_digit         mc_w.l(scanf_fp.o)
    0x080121aa   0x080121aa   0x00000002   PAD
    0x080121ac   0x080121ac   0x000006dc   Code   RO         2478    i._printf_core      mc_w.l(printfa.o)
    0x08012888   0x08012888   0x00000024   Code   RO         2479    i._printf_post_padding  mc_w.l(printfa.o)
    0x080128ac   0x080128ac   0x0000002e   Code   RO         2480    i._printf_pre_padding  mc_w.l(printfa.o)
    0x080128da   0x080128da   0x00000016   Code   RO         2481    i._snputc           mc_w.l(printfa.o)
    0x080128f0   0x080128f0   0x0000000a   Code   RO         2482    i._sputc            mc_w.l(printfa.o)
    0x080128fa   0x080128fa   0x00000014   Data   RO           80    .constdata          components.o
    0x0801290e   0x0801290e   0x000000c9   Data   RO          105    .constdata          device.o
    0x080129d7   0x080129d7   0x00000016   Data   RO          119    .constdata          idle.o
    0x080129ed   0x080129ed   0x000001f7   Data   RO          137    .constdata          ipc.o
    0x08012be4   0x08012be4   0x00000122   Data   RO          171    .constdata          kservice.o
    0x08012d06   0x08012d06   0x0000003c   Data   RO          191    .constdata          mem.o
    0x08012d42   0x08012d42   0x00000080   Data   RO          258    .constdata          object.o
    0x08012dc2   0x08012dc2   0x0000004e   Data   RO          278    .constdata          scheduler.o
    0x08012e10   0x08012e10   0x000000b9   Data   RO          313    .constdata          thread.o
    0x08012ec9   0x08012ec9   0x0000005c   Data   RO          333    .constdata          timer.o
    0x08012f25   0x08012f25   0x00000003   PAD
    0x08012f28   0x08012f28   0x0000006c   Data   RO          353    .constdata          enviroment.o
    0x08012f94   0x08012f94   0x00000013   Data   RO          437    .constdata          board.o
    0x08012fa7   0x08012fa7   0x00000001   PAD
    0x08012fa8   0x08012fa8   0x0000017c   Data   RO          575    .constdata          drv_gpio.o
    0x08013124   0x08013124   0x0000005c   Data   RO          605    .constdata          drv_usart.o
    0x08013180   0x08013180   0x0000002c   Data   RO          642    .constdata          drv_spi.o
    0x080131ac   0x080131ac   0x00000018   Data   RO          674    .constdata          system_stm32f1xx.o
    0x080131c4   0x080131c4   0x00000013   Data   RO         1669    .constdata          cpuport.o
    0x080131d7   0x080131d7   0x0000007d   Data   RO         1690    .constdata          pin.o
    0x08013254   0x08013254   0x0000012a   Data   RO         1707    .constdata          serial.o
    0x0801337e   0x0801337e   0x000000a3   Data   RO         1723    .constdata          spi_core.o
    0x08013421   0x08013421   0x00000081   Data   RO         1745    .constdata          spi_dev.o
    0x080134a2   0x080134a2   0x00000039   Data   RO         1758    .constdata          completion.o
    0x080134db   0x080134db   0x0000004b   Data   RO         1774    .constdata          dataqueue.o
    0x08013526   0x08013526   0x000000d6   Data   RO         1828    .constdata          ringbuffer.o
    0x080135fc   0x080135fc   0x00000087   Data   RO         1874    .constdata          shell.o
    0x08013683   0x08013683   0x00000001   PAD
    0x08013684   0x08013684   0x00000054   Data   RO         1914    .constdata          cmd.o
    0x080136d8   0x080136d8   0x0000000e   Data   RO         1935    .constdata          msh.o
    0x080136e6   0x080136e6   0x0000000c   Data   RO         2095    .constdata          at_cli.o
    0x080136f2   0x080136f2   0x00000002   PAD
    0x080136f4   0x080136f4   0x000000e0   Data   RO         2115    .constdata          at_client.o
    0x080137d4   0x080137d4   0x00000008   Data   RO         2134    .constdata          byh_m.o
    0x080137dc   0x080137dc   0x00000c74   Data   RO         2156    .constdata          led_12.o
    0x08014450   0x08014450   0x00000080   Data   RO         2191    .constdata          nb_iot.o
    0x080144d0   0x080144d0   0x00000040   Data   RO         2565    .constdata          mc_w.l(ctype_c.o)
    0x08014510   0x08014510   0x0000015a   Data   RO          138    .conststring        ipc.o
    0x0801466a   0x0801466a   0x00000002   PAD
    0x0801466c   0x0801466c   0x000000eb   Data   RO          192    .conststring        mem.o
    0x08014757   0x08014757   0x00000001   PAD
    0x08014758   0x08014758   0x00000042   Data   RO          314    .conststring        thread.o
    0x0801479a   0x0801479a   0x00000002   PAD
    0x0801479c   0x0801479c   0x0000006e   Data   RO          354    .conststring        enviroment.o
    0x0801480a   0x0801480a   0x00000002   PAD
    0x0801480c   0x0801480c   0x0000016d   Data   RO         1915    .conststring        cmd.o
    0x08014979   0x08014979   0x00000003   PAD
    0x0801497c   0x0801497c   0x0000008c   Data   RO         2096    .conststring        at_cli.o
    0x08014a08   0x08014a08   0x00000240   Data   RO         2116    .conststring        at_client.o
    0x08014c48   0x08014c48   0x00000027   Data   RO         2157    .conststring        led_12.o
    0x08014c6f   0x08014c6f   0x00000001   PAD
    0x08014c70   0x08014c70   0x0000004b   Data   RO         2192    .conststring        nb_iot.o
    0x08014cbb   0x08014cbb   0x00000027   Data   RO          194    .rodata.name        mem.o
    0x08014ce2   0x08014ce2   0x00000023   Data   RO          356    .rodata.name        enviroment.o
    0x08014d05   0x08014d05   0x00000069   Data   RO         1691    .rodata.name        pin.o
    0x08014d6e   0x08014d6e   0x00000385   Data   RO         1916    .rodata.name        cmd.o
    0x080150f3   0x080150f3   0x00000021   Data   RO         1936    .rodata.name        msh.o
    0x08015114   0x08015114   0x0000007b   Data   RO         1952    .rodata.name        msh_cmd.o
    0x0801518f   0x0801518f   0x00000043   Data   RO         2098    .rodata.name        at_cli.o
    0x080151d2   0x080151d2   0x00000002   PAD
    0x080151d4   0x080151d4   0x00000004   Data   RO           81    .rti_fn.0           components.o
    0x080151d8   0x080151d8   0x00000004   Data   RO           82    .rti_fn.0.end       components.o
    0x080151dc   0x080151dc   0x00000004   Data   RO          577    .rti_fn.1           drv_gpio.o
    0x080151e0   0x080151e0   0x00000004   Data   RO          607    .rti_fn.1           drv_usart.o
    0x080151e4   0x080151e4   0x00000004   Data   RO          644    .rti_fn.1           drv_spi.o
    0x080151e8   0x080151e8   0x00000004   Data   RO           83    .rti_fn.1.end       components.o
    0x080151ec   0x080151ec   0x00000004   Data   RO          357    .rti_fn.4           enviroment.o
    0x080151f0   0x080151f0   0x00000004   Data   RO         1974    .rti_fn.4           libc.o
    0x080151f4   0x080151f4   0x00000004   Data   RO         1876    .rti_fn.6           shell.o
    0x080151f8   0x080151f8   0x00000004   Data   RO           84    .rti_fn.6.end       components.o
    0x080151fc   0x080151fc   0x0000000c   Data   RO          195    FSymTab             mem.o
    0x08015208   0x08015208   0x0000000c   Data   RO          358    FSymTab             enviroment.o
    0x08015214   0x08015214   0x00000024   Data   RO         1692    FSymTab             pin.o
    0x08015238   0x08015238   0x00000120   Data   RO         1917    FSymTab             cmd.o
    0x08015358   0x08015358   0x0000000c   Data   RO         1937    FSymTab             msh.o
    0x08015364   0x08015364   0x00000024   Data   RO         1953    FSymTab             msh_cmd.o
    0x08015388   0x08015388   0x0000000c   Data   RO         2099    FSymTab             at_cli.o
    0x08015394   0x08015394   0x00000020   Data   RO         2569    Region$$Table       anon$$obj.o


    Execution Region RW_IRAM1 (Exec base: 0x20000000, Load base: 0x080153b4, Size: 0x00001148, Max: 0x00010000, ABSOLUTE, COMPRESSED[0x000000d4])

    Exec Addr    Load Addr    Size         Type   Attr      Idx    E Section Name        Object

    0x20000000   COMPRESSED   0x00000004   Data   RW            2    .data               clock.o
    0x20000004   COMPRESSED   0x00000009   Data   RW          155    .data               irq.o
    0x2000000d   COMPRESSED   0x00000003   PAD
    0x20000010   COMPRESSED   0x0000000c   Data   RW          172    .data               kservice.o
    0x2000001c   COMPRESSED   0x00000020   Data   RW          193    .data               mem.o
    0x2000003c   COMPRESSED   0x000000b4   Data   RW          259    .data               object.o
    0x200000f0   COMPRESSED   0x0000001c   Data   RW          279    .data               scheduler.o
    0x2000010c   COMPRESSED   0x0000000c   Data   RW          315    .data               thread.o
    0x20000118   COMPRESSED   0x00000014   Data   RW          334    .data               timer.o
    0x2000012c   COMPRESSED   0x00000008   Data   RW          355    .data               enviroment.o
    0x20000134   COMPRESSED   0x000000c0   Data   RW          576    .data               drv_gpio.o
    0x200001f4   COMPRESSED   0x000000cc   Data   RW          606    .data               drv_usart.o
    0x200002c0   COMPRESSED   0x00000010   Data   RW          643    .data               drv_spi.o
    0x200002d0   COMPRESSED   0x00000004   Data   RW          675    .data               system_stm32f1xx.o
    0x200002d4   COMPRESSED   0x00000001   Data   RW         1121    .data               stm32f1xx_hal_spi_ex.o
    0x200002d5   COMPRESSED   0x00000003   PAD
    0x200002d8   COMPRESSED   0x00000004   Data   RW         1262    .data               stm32f1xx_hal.o
    0x200002dc   COMPRESSED   0x00000010   Data   RW         1670    .data               cpuport.o
    0x200002ec   COMPRESSED   0x00000008   Data   RW         1875    .data               shell.o
    0x200002f4   COMPRESSED   0x00000010   Data   RW         1897    .data               symbol.o
    0x20000304   COMPRESSED   0x00000004   Data   RW         2080    .data               at_utils.o
    0x20000308   COMPRESSED   0x00000010   Data   RW         2097    .data               at_cli.o
    0x20000318   COMPRESSED   0x00000004   Data   RW         2117    .data               at_client.o
    0x2000031c   COMPRESSED   0x00000004   Data   RW         2135    .data               byh_m.o
    0x20000320   COMPRESSED   0x00000034   Data   RW         2158    .data               led_12.o
    0x20000354   COMPRESSED   0x00000060   Data   RW         2193    .data               nb_iot.o
    0x200003b4        -       0x00000190   Zero   RW          118    .bss                idle.o
    0x20000544        -       0x00000080   Zero   RW          170    .bss                kservice.o
    0x200005c4        -       0x00000020   Zero   RW          190    .bss                mem.o
    0x200005e4        -       0x00000100   Zero   RW          277    .bss                scheduler.o
    0x200006e4        -       0x00000088   Zero   RW          352    .bss                enviroment.o
    0x2000076c        -       0x000000fc   Zero   RW          604    .bss                drv_usart.o
    0x20000868        -       0x000000e0   Zero   RW          641    .bss                drv_spi.o
    0x20000948        -       0x00000044   Zero   RW         1689    .bss                pin.o
    0x2000098c        -       0x00000081   Zero   RW         1873    .bss                shell.o
    0x20000a0d        -       0x00000080   Zero   RW         2079    .bss                at_utils.o
    0x20000a8d   COMPRESSED   0x00000003   PAD
    0x20000a90        -       0x00000040   Zero   RW         2094    .bss                at_cli.o
    0x20000ad0        -       0x00000034   Zero   RW         2114    .bss                at_client.o
    0x20000b04        -       0x00000240   Zero   RW         2155    .bss                led_12.o
    0x20000d44   COMPRESSED   0x00000004   PAD
    0x20000d48        -       0x00000400   Zero   RW         1627    STACK               startup_stm32f103xe.o


==============================================================================

Image component sizes


      Code (inc. data)   RO Data    RW Data    ZI Data      Debug   Object Name

      1048        320        231         16         64       3928   at_cli.o
      3836        938        800          4         52      10718   at_client.o
       284         60          0          4        128       2183   at_utils.o
       564         56         19          0          0     452047   board.o
       656         28          8          4          0       3394   byh_m.o
       132          4          0          4          0      17802   clock.o
      3756       1346       1638          0          0      16343   cmd.o
       460        128         57          0          0       4691   completion.o
       212         42         36          0          0       2450   components.o
       244         26          0          0          0        736   context_rvds.o
      1504        720         19         16          0       3975   cpuport.o
      1060        116         75          0          0       4741   dataqueue.o
      1324        312        201          0          0       5582   device.o
      1556         98        384        192          0       6981   drv_gpio.o
      1304        190         48         16        224       4865   drv_spi.o
      1288        180         96        204        252      26447   drv_usart.o
      2284        764        269          8        136      13710   enviroment.o
       508         78         22          0        400       5480   idle.o
      7212       1048        849          0          0      22359   ipc.o
       140         14          0          9          0       1748   irq.o
      2772        236        290         12        128      12228   kservice.o
      1644         66       3227         52        576       6604   led_12.o
         4          0          4          0          0       1172   libc.o
        56          0          0          0          0        455   main.o
      2232        634        346         32         32       5231   mem.o
       872        136         59          0          0       4184   msh.o
        34          0        159          0          0       2143   msh_cmd.o
      3092        770        203         96          0       9224   nb_iot.o
       944        202        128        180          0       8307   object.o
       592         94        266          0         68       4938   pin.o
      1364         70        214          0          0       4831   ringbuffer.o
       912        148         78         28        256       6909   scheduler.o
      3224        410        298          0          0       9673   serial.o
      2472        236        139          8        129       6562   shell.o
      1548        114        163          0          0       5722   spi_core.o
       524        148        129          0          0       3415   spi_dev.o
        36          8        304          0       1024        852   startup_stm32f103xe.o
       348         30          0          4          0       3979   stm32f1xx_hal.o
       708         22          0          0          0      27190   stm32f1xx_hal_cortex.o
      3812         40          0          0          0       6573   stm32f1xx_hal_dma.o
      1256         42          0          0          0       3843   stm32f1xx_hal_gpio.o
      2216         94          0          0          0       5215   stm32f1xx_hal_rcc.o
       184         10          0          1          0       1522   stm32f1xx_hal_spi_ex.o
      4618         46          0          0          0      15816   stm32f1xx_hal_uart.o
        16          0          0          0          0        789   stm32f1xx_it.o
         0          0          0         16          0       4993   symbol.o
       244         32         24          4          0       1601   system_stm32f1xx.o
      2016        434        251         12          0      10277   thread.o
      1468        276         92         20          0       8843   timer.o

    ----------------------------------------------------------------------
     68584      10766      11178        948       3476     793271   Object Totals
         0          0         32          0          0          0   (incl. Generated)
         4          0         20          6          7          0   (incl. Padding)

    ----------------------------------------------------------------------

      Code (inc. data)   RO Data    RW Data    ZI Data      Debug   Library Member Name

        86          0          0          0          0          0   __dczerorl2.o
        28          0          0          0          0         68   _chval.o
       812          4          0          0          0        112   _scanf.o
       332          0          0          0          0         96   _scanf_int.o
       342          0          0          0          0        100   _scanf_longlong.o
       224          0          0          0          0         96   _scanf_str.o
        64          0          0          0          0         84   _sgetc.o
        40          6         64          0          0         68   ctype_c.o
         0          0          0          0          0          0   entry.o
         0          0          0          0          0          0   entry10a.o
         0          0          0          0          0          0   entry11a.o
         8          4          0          0          0          0   entry2.o
         4          0          0          0          0          0   entry5.o
         0          0          0          0          0          0   entry7b.o
         0          0          0          0          0          0   entry8b.o
         8          4          0          0          0          0   entry9a.o
        30          0          0          0          0          0   handlers.o
        36          8          0          0          0         68   init.o
        10          0          0          0          0         68   isspace_c.o
         0          0          0          0          0          0   iusefp.o
        30          0          0          0          0         68   llshl.o
        36          0          0          0          0         68   llsshr.o
        32          0          0          0          0         68   llushr.o
        26          0          0          0          0         80   memcmp.o
        36          0          0          0          0         68   memcpya.o
        36          0          0          0          0        108   memseta.o
      2342         90          0          0          0        668   printfa.o
        40          8          0          0          0         84   scanf_char.o
       878         12          0          0          0        216   scanf_fp.o
        24          0          0          0          0         68   strcat.o
        28          0          0          0          0         76   strcmp.o
        18          0          0          0          0         68   strcpy.o
        14          0          0          0          0         68   strlen.o
        30          0          0          0          0         80   strncmp.o
        24          0          0          0          0         76   strncpy.o
        36          0          0          0          0         80   strstr.o
        44          0          0          0          0         80   uidiv.o
        98          0          0          0          0         92   uldiv.o
        48          8          0          0          0         80   vsscanf.o
        48          0          0          0          0         68   cdrcmple.o
        56          0          0          0          0         88   d2f.o
       334          0          0          0          0        148   dadd.o
       222          0          0          0          0        100   ddiv.o
       186          0          0          0          0        176   depilogue.o
        48          0          0          0          0         68   dfixul.o
        34          0          0          0          0         76   dflti.o
        24          0          0          0          0         76   dfltul.o
       228          0          0          0          0         96   dmul.o
       110          0          0          0          0        168   fepilogue.o

    ----------------------------------------------------------------------
      7138        144         64          0          0       4020   Library Totals
         4          0          0          0          0          0   (incl. Padding)

    ----------------------------------------------------------------------

      Code (inc. data)   RO Data    RW Data    ZI Data      Debug   Library Name

      5844        144         64          0          0       2956   mc_w.l
      1290          0          0          0          0       1064   mf_w.l

    ----------------------------------------------------------------------
      7138        144         64          0          0       4020   Library Totals

    ----------------------------------------------------------------------

==============================================================================


      Code (inc. data)   RO Data    RW Data    ZI Data      Debug   

     75722      10910      11242        948       3476     790971   Grand Totals
     75722      10910      11242        212       3476     790971   ELF Image Totals (compressed)
     75722      10910      11242        212          0          0   ROM Totals

==============================================================================

    Total RO  Size (Code + RO Data)                86964 (  84.93kB)
    Total RW  Size (RW Data + ZI Data)              4424 (   4.32kB)
    Total ROM Size (Code + RO Data + RW Data)      87176 (  85.13kB)

==============================================================================

